[2021-04-04T19:58:23.800+0530][gc,heap] Heap region size: 1M
[2021-04-04T19:58:23.800+0530][gc,heap,coops] Heap address: 0x00000000c0000000, size: 1024 MB, Compressed Oops mode: 32-bit
[2021-04-04T19:58:23.807+0530][gc           ] Using G1
[2021-04-04T19:58:23.808+0530][gc,cds       ] Mark closed archive regions in map: [0x00000000fff00000, 0x00000000fff7eff8]
[2021-04-04T19:58:23.808+0530][gc,cds       ] Mark open archive regions in map: [0x00000000ffe00000, 0x00000000ffe51ff8]
[2021-04-04T19:58:23.818+0530][gc           ] Periodic GC disabled
[2021-04-04T19:58:24.802+0530][gc,start     ] GC(0) Pause Young (Normal) (G1 Evacuation Pause)
[2021-04-04T19:58:24.802+0530][gc,task      ] GC(0) Using 8 workers of 8 for evacuation
[2021-04-04T19:58:24.806+0530][gc,phases    ] GC(0)   Pre Evacuate Collection Set: 0.1ms
[2021-04-04T19:58:24.806+0530][gc,phases    ] GC(0)   Merge Heap Roots: 0.0ms
[2021-04-04T19:58:24.806+0530][gc,phases    ] GC(0)   Evacuate Collection Set: 3.6ms
[2021-04-04T19:58:24.806+0530][gc,phases    ] GC(0)   Post Evacuate Collection Set: 0.5ms
[2021-04-04T19:58:24.806+0530][gc,phases    ] GC(0)   Other: 0.7ms
[2021-04-04T19:58:24.806+0530][gc,heap      ] GC(0) Eden regions: 51->0(44)
[2021-04-04T19:58:24.806+0530][gc,heap      ] GC(0) Survivor regions: 0->7(7)
[2021-04-04T19:58:24.806+0530][gc,heap      ] GC(0) Old regions: 0->0
[2021-04-04T19:58:24.806+0530][gc,heap      ] GC(0) Archive regions: 2->2
[2021-04-04T19:58:24.806+0530][gc,heap      ] GC(0) Humongous regions: 0->0
[2021-04-04T19:58:24.806+0530][gc,metaspace ] GC(0) Metaspace: 14170K(14848K)->14170K(14848K) NonClass: 12400K(12800K)->12400K(12800K) Class: 1769K(2048K)->1769K(2048K)
[2021-04-04T19:58:24.807+0530][gc           ] GC(0) Pause Young (Normal) (G1 Evacuation Pause) 51M->6M(1024M) 4.910ms
[2021-04-04T19:58:24.807+0530][gc,cpu       ] GC(0) User=0.02s Sys=0.00s Real=0.01s
[2021-04-04T19:58:25.597+0530][gc,heap,exit ] Heap
[2021-04-04T19:58:25.597+0530][gc,heap,exit ]  garbage-first heap   total 1048576K, used 9140K [0x00000000c0000000, 0x0000000100000000)
[2021-04-04T19:58:25.598+0530][gc,heap,exit ]   region size 1024K, 10 young (10240K), 7 survivors (7168K)
[2021-04-04T19:58:25.598+0530][gc,heap,exit ]  Metaspace       used 14525K, capacity 14914K, committed 15104K, reserved 1062912K
[2021-04-04T19:58:25.598+0530][gc,heap,exit ]   class space    used 1814K, capacity 1958K, committed 2048K, reserved 1048576K
