[2021-04-04T12:37:25.272+0530][gc,heap] Heap region size: 1M
[2021-04-04T12:37:25.272+0530][gc,heap,coops] Heap address: 0x00000000c0000000, size: 1024 MB, Compressed Oops mode: 32-bit
[2021-04-04T12:37:25.278+0530][gc           ] Using G1
[2021-04-04T12:37:25.278+0530][gc,cds       ] Mark closed archive regions in map: [0x00000000fff00000, 0x00000000fff7eff8]
[2021-04-04T12:37:25.278+0530][gc,cds       ] Mark open archive regions in map: [0x00000000ffe00000, 0x00000000ffe51ff8]
[2021-04-04T12:37:25.285+0530][gc           ] Periodic GC disabled
[2021-04-04T12:37:25.922+0530][gc,start     ] GC(0) Pause Young (Normal) (G1 Evacuation Pause)
[2021-04-04T12:37:25.922+0530][gc,task      ] GC(0) Using 8 workers of 8 for evacuation
[2021-04-04T12:37:25.926+0530][gc,phases    ] GC(0)   Pre Evacuate Collection Set: 0.1ms
[2021-04-04T12:37:25.926+0530][gc,phases    ] GC(0)   Merge Heap Roots: 0.1ms
[2021-04-04T12:37:25.926+0530][gc,phases    ] GC(0)   Evacuate Collection Set: 2.7ms
[2021-04-04T12:37:25.926+0530][gc,phases    ] GC(0)   Post Evacuate Collection Set: 0.4ms
[2021-04-04T12:37:25.926+0530][gc,phases    ] GC(0)   Other: 0.5ms
[2021-04-04T12:37:25.926+0530][gc,heap      ] GC(0) Eden regions: 51->0(44)
[2021-04-04T12:37:25.926+0530][gc,heap      ] GC(0) Survivor regions: 0->7(7)
[2021-04-04T12:37:25.926+0530][gc,heap      ] GC(0) Old regions: 0->0
[2021-04-04T12:37:25.926+0530][gc,heap      ] GC(0) Archive regions: 2->2
[2021-04-04T12:37:25.926+0530][gc,heap      ] GC(0) Humongous regions: 0->0
[2021-04-04T12:37:25.926+0530][gc,metaspace ] GC(0) Metaspace: 14783K(15360K)->14783K(15360K) NonClass: 12930K(13312K)->12930K(13312K) Class: 1853K(2048K)->1853K(2048K)
[2021-04-04T12:37:25.926+0530][gc           ] GC(0) Pause Young (Normal) (G1 Evacuation Pause) 51M->7M(1024M) 3.901ms
[2021-04-04T12:37:25.926+0530][gc,cpu       ] GC(0) User=0.01s Sys=0.00s Real=0.01s
[2021-04-04T12:37:26.316+0530][gc,start     ] GC(1) Pause Young (Concurrent Start) (Metadata GC Threshold)
[2021-04-04T12:37:26.316+0530][gc,task      ] GC(1) Using 8 workers of 8 for evacuation
[2021-04-04T12:37:26.320+0530][gc,phases    ] GC(1)   Pre Evacuate Collection Set: 0.2ms
[2021-04-04T12:37:26.320+0530][gc,phases    ] GC(1)   Merge Heap Roots: 0.1ms
[2021-04-04T12:37:26.320+0530][gc,phases    ] GC(1)   Evacuate Collection Set: 3.2ms
[2021-04-04T12:37:26.320+0530][gc,phases    ] GC(1)   Post Evacuate Collection Set: 0.3ms
[2021-04-04T12:37:26.320+0530][gc,phases    ] GC(1)   Other: 0.2ms
[2021-04-04T12:37:26.320+0530][gc,heap      ] GC(1) Eden regions: 25->0(49)
[2021-04-04T12:37:26.320+0530][gc,heap      ] GC(1) Survivor regions: 7->2(7)
[2021-04-04T12:37:26.320+0530][gc,heap      ] GC(1) Old regions: 0->7
[2021-04-04T12:37:26.320+0530][gc,heap      ] GC(1) Archive regions: 2->2
[2021-04-04T12:37:26.320+0530][gc,heap      ] GC(1) Humongous regions: 0->0
[2021-04-04T12:37:26.320+0530][gc,metaspace ] GC(1) Metaspace: 20556K(21248K)->20556K(21248K) NonClass: 18019K(18432K)->18019K(18432K) Class: 2536K(2816K)->2536K(2816K)
[2021-04-04T12:37:26.321+0530][gc           ] GC(1) Pause Young (Concurrent Start) (Metadata GC Threshold) 31M->7M(1024M) 4.152ms
[2021-04-04T12:37:26.321+0530][gc,cpu       ] GC(1) User=0.01s Sys=0.00s Real=0.00s
[2021-04-04T12:37:26.321+0530][gc           ] GC(2) Concurrent Cycle
[2021-04-04T12:37:26.321+0530][gc,marking   ] GC(2) Concurrent Clear Claimed Marks
[2021-04-04T12:37:26.321+0530][gc,marking   ] GC(2) Concurrent Clear Claimed Marks 0.054ms
[2021-04-04T12:37:26.321+0530][gc,marking   ] GC(2) Concurrent Scan Root Regions
[2021-04-04T12:37:26.324+0530][gc,marking   ] GC(2) Concurrent Scan Root Regions 2.920ms
[2021-04-04T12:37:26.324+0530][gc,marking   ] GC(2) Concurrent Mark (1.054s)
[2021-04-04T12:37:26.324+0530][gc,marking   ] GC(2) Concurrent Mark From Roots
[2021-04-04T12:37:26.324+0530][gc,task      ] GC(2) Using 2 workers of 2 for marking
[2021-04-04T12:37:26.325+0530][gc,marking   ] GC(2) Concurrent Mark From Roots 1.584ms
[2021-04-04T12:37:26.325+0530][gc,marking   ] GC(2) Concurrent Preclean
[2021-04-04T12:37:26.325+0530][gc,marking   ] GC(2) Concurrent Preclean 0.058ms
[2021-04-04T12:37:26.325+0530][gc,marking   ] GC(2) Concurrent Mark (1.054s, 1.056s) 1.708ms
[2021-04-04T12:37:26.325+0530][gc,start     ] GC(2) Pause Remark
[2021-04-04T12:37:26.327+0530][gc           ] GC(2) Pause Remark 8M->8M(1024M) 1.648ms
[2021-04-04T12:37:26.327+0530][gc,cpu       ] GC(2) User=0.01s Sys=0.00s Real=0.00s
[2021-04-04T12:37:26.327+0530][gc,marking   ] GC(2) Concurrent Rebuild Remembered Sets
[2021-04-04T12:37:26.329+0530][gc,marking   ] GC(2) Concurrent Rebuild Remembered Sets 1.981ms
[2021-04-04T12:37:26.330+0530][gc,start     ] GC(2) Pause Cleanup
[2021-04-04T12:37:26.330+0530][gc           ] GC(2) Pause Cleanup 8M->8M(1024M) 0.129ms
[2021-04-04T12:37:26.330+0530][gc,cpu       ] GC(2) User=0.00s Sys=0.00s Real=0.00s
[2021-04-04T12:37:26.330+0530][gc,marking   ] GC(2) Concurrent Cleanup for Next Mark
[2021-04-04T12:37:26.333+0530][gc,marking   ] GC(2) Concurrent Cleanup for Next Mark 3.003ms
[2021-04-04T12:37:26.333+0530][gc           ] GC(2) Concurrent Cycle 12.366ms
[2021-04-04T12:37:26.850+0530][gc,start     ] GC(3) Pause Young (Normal) (G1 Evacuation Pause)
[2021-04-04T12:37:26.850+0530][gc,task      ] GC(3) Using 8 workers of 8 for evacuation
[2021-04-04T12:37:26.853+0530][gc,phases    ] GC(3)   Pre Evacuate Collection Set: 0.1ms
[2021-04-04T12:37:26.853+0530][gc,phases    ] GC(3)   Merge Heap Roots: 0.1ms
[2021-04-04T12:37:26.853+0530][gc,phases    ] GC(3)   Evacuate Collection Set: 2.5ms
[2021-04-04T12:37:26.853+0530][gc,phases    ] GC(3)   Post Evacuate Collection Set: 0.5ms
[2021-04-04T12:37:26.853+0530][gc,phases    ] GC(3)   Other: 0.1ms
[2021-04-04T12:37:26.853+0530][gc,heap      ] GC(3) Eden regions: 49->0(46)
[2021-04-04T12:37:26.853+0530][gc,heap      ] GC(3) Survivor regions: 2->5(7)
[2021-04-04T12:37:26.853+0530][gc,heap      ] GC(3) Old regions: 7->7
[2021-04-04T12:37:26.853+0530][gc,heap      ] GC(3) Archive regions: 2->2
[2021-04-04T12:37:26.853+0530][gc,heap      ] GC(3) Humongous regions: 129->129
[2021-04-04T12:37:26.853+0530][gc,metaspace ] GC(3) Metaspace: 29375K(30336K)->29375K(30336K) NonClass: 26034K(26624K)->26034K(26624K) Class: 3341K(3712K)->3341K(3712K)
[2021-04-04T12:37:26.853+0530][gc           ] GC(3) Pause Young (Normal) (G1 Evacuation Pause) 185M->140M(1024M) 3.379ms
[2021-04-04T12:37:26.853+0530][gc,cpu       ] GC(3) User=0.02s Sys=0.00s Real=0.00s
[2021-04-04T12:37:56.353+0530][gc,start     ] GC(4) Pause Young (Concurrent Start) (Metadata GC Threshold)
[2021-04-04T12:37:56.353+0530][gc,task      ] GC(4) Using 8 workers of 8 for evacuation
[2021-04-04T12:37:56.366+0530][gc,phases    ] GC(4)   Pre Evacuate Collection Set: 0.8ms
[2021-04-04T12:37:56.366+0530][gc,phases    ] GC(4)   Merge Heap Roots: 0.3ms
[2021-04-04T12:37:56.366+0530][gc,phases    ] GC(4)   Evacuate Collection Set: 11.2ms
[2021-04-04T12:37:56.366+0530][gc,phases    ] GC(4)   Post Evacuate Collection Set: 0.7ms
[2021-04-04T12:37:56.367+0530][gc,phases    ] GC(4)   Other: 0.5ms
[2021-04-04T12:37:56.367+0530][gc,heap      ] GC(4) Eden regions: 25->0(49)
[2021-04-04T12:37:56.367+0530][gc,heap      ] GC(4) Survivor regions: 5->2(7)
[2021-04-04T12:37:56.367+0530][gc,heap      ] GC(4) Old regions: 7->11
[2021-04-04T12:37:56.367+0530][gc,heap      ] GC(4) Archive regions: 2->2
[2021-04-04T12:37:56.367+0530][gc,heap      ] GC(4) Humongous regions: 129->129
[2021-04-04T12:37:56.367+0530][gc,metaspace ] GC(4) Metaspace: 34608K(35840K)->34608K(35840K) NonClass: 30593K(31232K)->30593K(31232K) Class: 4014K(4608K)->4014K(4608K)
[2021-04-04T12:37:56.367+0530][gc           ] GC(4) Pause Young (Concurrent Start) (Metadata GC Threshold) 164M->141M(1024M) 13.779ms
[2021-04-04T12:37:56.367+0530][gc,cpu       ] GC(4) User=0.06s Sys=0.02s Real=0.02s
[2021-04-04T12:37:56.367+0530][gc           ] GC(5) Concurrent Cycle
[2021-04-04T12:37:56.367+0530][gc,marking   ] GC(5) Concurrent Clear Claimed Marks
[2021-04-04T12:37:56.367+0530][gc,marking   ] GC(5) Concurrent Clear Claimed Marks 0.144ms
[2021-04-04T12:37:56.367+0530][gc,marking   ] GC(5) Concurrent Scan Root Regions
[2021-04-04T12:37:56.372+0530][gc,marking   ] GC(5) Concurrent Scan Root Regions 5.185ms
[2021-04-04T12:37:56.372+0530][gc,marking   ] GC(5) Concurrent Mark (31.103s)
[2021-04-04T12:37:56.372+0530][gc,marking   ] GC(5) Concurrent Mark From Roots
[2021-04-04T12:37:56.372+0530][gc,task      ] GC(5) Using 2 workers of 2 for marking
[2021-04-04T12:37:56.380+0530][gc,marking   ] GC(5) Concurrent Mark From Roots 8.205ms
[2021-04-04T12:37:56.381+0530][gc,marking   ] GC(5) Concurrent Preclean
[2021-04-04T12:37:56.381+0530][gc,marking   ] GC(5) Concurrent Preclean 0.101ms
[2021-04-04T12:37:56.381+0530][gc,marking   ] GC(5) Concurrent Mark (31.103s, 31.111s) 8.367ms
[2021-04-04T12:37:56.381+0530][gc,start     ] GC(5) Pause Remark
[2021-04-04T12:37:56.382+0530][gc           ] GC(5) Pause Remark 142M->142M(1024M) 1.622ms
[2021-04-04T12:37:56.382+0530][gc,cpu       ] GC(5) User=0.01s Sys=0.01s Real=0.01s
[2021-04-04T12:37:56.383+0530][gc,marking   ] GC(5) Concurrent Rebuild Remembered Sets
[2021-04-04T12:37:56.388+0530][gc,marking   ] GC(5) Concurrent Rebuild Remembered Sets 5.113ms
[2021-04-04T12:37:56.388+0530][gc,start     ] GC(5) Pause Cleanup
[2021-04-04T12:37:56.388+0530][gc           ] GC(5) Pause Cleanup 142M->142M(1024M) 0.187ms
[2021-04-04T12:37:56.388+0530][gc,cpu       ] GC(5) User=0.00s Sys=0.00s Real=0.00s
[2021-04-04T12:37:56.388+0530][gc,marking   ] GC(5) Concurrent Cleanup for Next Mark
[2021-04-04T12:37:56.391+0530][gc,marking   ] GC(5) Concurrent Cleanup for Next Mark 3.144ms
[2021-04-04T12:37:56.391+0530][gc           ] GC(5) Concurrent Cycle 24.710ms
[2021-04-04T14:16:10.033+0530][gc,start     ] GC(6) Pause Young (Normal) (G1 Evacuation Pause)
[2021-04-04T14:16:10.034+0530][gc,task      ] GC(6) Using 8 workers of 8 for evacuation
[2021-04-04T14:16:10.046+0530][gc,phases    ] GC(6)   Pre Evacuate Collection Set: 0.6ms
[2021-04-04T14:16:10.046+0530][gc,phases    ] GC(6)   Merge Heap Roots: 0.3ms
[2021-04-04T14:16:10.046+0530][gc,phases    ] GC(6)   Evacuate Collection Set: 6.4ms
[2021-04-04T14:16:10.046+0530][gc,phases    ] GC(6)   Post Evacuate Collection Set: 3.1ms
[2021-04-04T14:16:10.046+0530][gc,phases    ] GC(6)   Other: 5.5ms
[2021-04-04T14:16:10.047+0530][gc,heap      ] GC(6) Eden regions: 49->0(49)
[2021-04-04T14:16:10.047+0530][gc,heap      ] GC(6) Survivor regions: 2->2(7)
[2021-04-04T14:16:10.047+0530][gc,heap      ] GC(6) Old regions: 11->11
[2021-04-04T14:16:10.047+0530][gc,heap      ] GC(6) Archive regions: 2->2
[2021-04-04T14:16:10.047+0530][gc,heap      ] GC(6) Humongous regions: 129->129
[2021-04-04T14:16:10.047+0530][gc,metaspace ] GC(6) Metaspace: 35442K(36864K)->35442K(36864K) NonClass: 31361K(32256K)->31361K(32256K) Class: 4081K(4608K)->4081K(4608K)
[2021-04-04T14:16:10.047+0530][gc           ] GC(6) Pause Young (Normal) (G1 Evacuation Pause) 190M->141M(1024M) 14.519ms
[2021-04-04T14:16:10.047+0530][gc,cpu       ] GC(6) User=0.04s Sys=0.00s Real=0.02s
[2021-04-04T15:38:04.304+0530][gc,start     ] GC(7) Pause Young (Normal) (G1 Evacuation Pause)
[2021-04-04T15:38:04.306+0530][gc,task      ] GC(7) Using 8 workers of 8 for evacuation
[2021-04-04T15:38:04.311+0530][gc,phases    ] GC(7)   Pre Evacuate Collection Set: 0.3ms
[2021-04-04T15:38:04.311+0530][gc,phases    ] GC(7)   Merge Heap Roots: 0.1ms
[2021-04-04T15:38:04.311+0530][gc,phases    ] GC(7)   Evacuate Collection Set: 4.6ms
[2021-04-04T15:38:04.311+0530][gc,phases    ] GC(7)   Post Evacuate Collection Set: 0.5ms
[2021-04-04T15:38:04.311+0530][gc,phases    ] GC(7)   Other: 1.6ms
[2021-04-04T15:38:04.311+0530][gc,heap      ] GC(7) Eden regions: 49->0(59)
[2021-04-04T15:38:04.311+0530][gc,heap      ] GC(7) Survivor regions: 2->2(7)
[2021-04-04T15:38:04.311+0530][gc,heap      ] GC(7) Old regions: 11->11
[2021-04-04T15:38:04.311+0530][gc,heap      ] GC(7) Archive regions: 2->2
[2021-04-04T15:38:04.311+0530][gc,heap      ] GC(7) Humongous regions: 129->129
[2021-04-04T15:38:04.311+0530][gc,metaspace ] GC(7) Metaspace: 35908K(37248K)->35908K(37248K) NonClass: 31817K(32512K)->31817K(32512K) Class: 4091K(4736K)->4091K(4736K)
[2021-04-04T15:38:04.311+0530][gc           ] GC(7) Pause Young (Normal) (G1 Evacuation Pause) 190M->141M(1024M) 7.045ms
[2021-04-04T15:38:04.311+0530][gc,cpu       ] GC(7) User=0.01s Sys=0.00s Real=0.01s
[2021-04-04T16:06:29.807+0530][gc,heap,exit ] Heap
[2021-04-04T16:06:29.809+0530][gc,heap,exit ]  garbage-first heap   total 1048576K, used 179775K [0x00000000c0000000, 0x0000000100000000)
[2021-04-04T16:06:29.809+0530][gc,heap,exit ]   region size 1024K, 38 young (38912K), 2 survivors (2048K)
[2021-04-04T16:06:29.809+0530][gc,heap,exit ]  Metaspace       used 36689K, capacity 38050K, committed 38144K, reserved 1083392K
[2021-04-04T16:06:29.809+0530][gc,heap,exit ]   class space    used 4259K, capacity 4851K, committed 4864K, reserved 1048576K
