[2021-04-04T22:08:09.403+0530][gc,heap] Heap region size: 1M
[2021-04-04T22:08:09.404+0530][gc,heap,coops] Heap address: 0x00000000c0000000, size: 1024 MB, Compressed Oops mode: 32-bit
[2021-04-04T22:08:09.409+0530][gc           ] Using G1
[2021-04-04T22:08:09.409+0530][gc,cds       ] Mark closed archive regions in map: [0x00000000fff00000, 0x00000000fff7eff8]
[2021-04-04T22:08:09.409+0530][gc,cds       ] Mark open archive regions in map: [0x00000000ffe00000, 0x00000000ffe51ff8]
[2021-04-04T22:08:09.415+0530][gc           ] Periodic GC disabled
[2021-04-04T22:08:10.168+0530][gc,start     ] GC(0) Pause Young (Normal) (G1 Evacuation Pause)
[2021-04-04T22:08:10.169+0530][gc,task      ] GC(0) Using 8 workers of 8 for evacuation
[2021-04-04T22:08:10.172+0530][gc,phases    ] GC(0)   Pre Evacuate Collection Set: 0.1ms
[2021-04-04T22:08:10.172+0530][gc,phases    ] GC(0)   Merge Heap Roots: 0.0ms
[2021-04-04T22:08:10.172+0530][gc,phases    ] GC(0)   Evacuate Collection Set: 2.8ms
[2021-04-04T22:08:10.172+0530][gc,phases    ] GC(0)   Post Evacuate Collection Set: 0.4ms
[2021-04-04T22:08:10.172+0530][gc,phases    ] GC(0)   Other: 0.9ms
[2021-04-04T22:08:10.172+0530][gc,heap      ] GC(0) Eden regions: 51->0(44)
[2021-04-04T22:08:10.172+0530][gc,heap      ] GC(0) Survivor regions: 0->7(7)
[2021-04-04T22:08:10.172+0530][gc,heap      ] GC(0) Old regions: 0->0
[2021-04-04T22:08:10.172+0530][gc,heap      ] GC(0) Archive regions: 2->2
[2021-04-04T22:08:10.172+0530][gc,heap      ] GC(0) Humongous regions: 0->0
[2021-04-04T22:08:10.172+0530][gc,metaspace ] GC(0) Metaspace: 14169K(14848K)->14169K(14848K) NonClass: 12401K(12800K)->12401K(12800K) Class: 1768K(2048K)->1768K(2048K)
[2021-04-04T22:08:10.172+0530][gc           ] GC(0) Pause Young (Normal) (G1 Evacuation Pause) 51M->6M(1024M) 4.210ms
[2021-04-04T22:08:10.172+0530][gc,cpu       ] GC(0) User=0.02s Sys=0.00s Real=0.00s
[2021-04-04T22:08:10.627+0530][gc,start     ] GC(1) Pause Young (Concurrent Start) (Metadata GC Threshold)
[2021-04-04T22:08:10.627+0530][gc,task      ] GC(1) Using 8 workers of 8 for evacuation
[2021-04-04T22:08:10.632+0530][gc,phases    ] GC(1)   Pre Evacuate Collection Set: 0.1ms
[2021-04-04T22:08:10.632+0530][gc,phases    ] GC(1)   Merge Heap Roots: 0.0ms
[2021-04-04T22:08:10.632+0530][gc,phases    ] GC(1)   Evacuate Collection Set: 4.2ms
[2021-04-04T22:08:10.632+0530][gc,phases    ] GC(1)   Post Evacuate Collection Set: 0.5ms
[2021-04-04T22:08:10.632+0530][gc,phases    ] GC(1)   Other: 0.2ms
[2021-04-04T22:08:10.632+0530][gc,heap      ] GC(1) Eden regions: 28->0(49)
[2021-04-04T22:08:10.632+0530][gc,heap      ] GC(1) Survivor regions: 7->2(7)
[2021-04-04T22:08:10.632+0530][gc,heap      ] GC(1) Old regions: 0->6
[2021-04-04T22:08:10.632+0530][gc,heap      ] GC(1) Archive regions: 2->2
[2021-04-04T22:08:10.632+0530][gc,heap      ] GC(1) Humongous regions: 0->0
[2021-04-04T22:08:10.632+0530][gc,metaspace ] GC(1) Metaspace: 20547K(21248K)->20547K(21248K) NonClass: 18013K(18432K)->18013K(18432K) Class: 2533K(2816K)->2533K(2816K)
[2021-04-04T22:08:10.632+0530][gc           ] GC(1) Pause Young (Concurrent Start) (Metadata GC Threshold) 33M->8M(1024M) 5.182ms
[2021-04-04T22:08:10.632+0530][gc,cpu       ] GC(1) User=0.03s Sys=0.01s Real=0.00s
[2021-04-04T22:08:10.632+0530][gc           ] GC(2) Concurrent Cycle
[2021-04-04T22:08:10.633+0530][gc,marking   ] GC(2) Concurrent Clear Claimed Marks
[2021-04-04T22:08:10.633+0530][gc,marking   ] GC(2) Concurrent Clear Claimed Marks 0.044ms
[2021-04-04T22:08:10.633+0530][gc,marking   ] GC(2) Concurrent Scan Root Regions
[2021-04-04T22:08:10.636+0530][gc,marking   ] GC(2) Concurrent Scan Root Regions 3.112ms
[2021-04-04T22:08:10.636+0530][gc,marking   ] GC(2) Concurrent Mark (1.234s)
[2021-04-04T22:08:10.636+0530][gc,marking   ] GC(2) Concurrent Mark From Roots
[2021-04-04T22:08:10.636+0530][gc,task      ] GC(2) Using 2 workers of 2 for marking
[2021-04-04T22:08:10.637+0530][gc,marking   ] GC(2) Concurrent Mark From Roots 1.062ms
[2021-04-04T22:08:10.637+0530][gc,marking   ] GC(2) Concurrent Preclean
[2021-04-04T22:08:10.637+0530][gc,marking   ] GC(2) Concurrent Preclean 0.036ms
[2021-04-04T22:08:10.637+0530][gc,marking   ] GC(2) Concurrent Mark (1.234s, 1.235s) 1.139ms
[2021-04-04T22:08:10.637+0530][gc,start     ] GC(2) Pause Remark
[2021-04-04T22:08:10.640+0530][gc           ] GC(2) Pause Remark 8M->8M(1024M) 3.117ms
[2021-04-04T22:08:10.640+0530][gc,cpu       ] GC(2) User=0.01s Sys=0.00s Real=0.00s
[2021-04-04T22:08:10.640+0530][gc,marking   ] GC(2) Concurrent Rebuild Remembered Sets
[2021-04-04T22:08:10.642+0530][gc,marking   ] GC(2) Concurrent Rebuild Remembered Sets 2.388ms
[2021-04-04T22:08:10.643+0530][gc,start     ] GC(2) Pause Cleanup
[2021-04-04T22:08:10.643+0530][gc           ] GC(2) Pause Cleanup 8M->8M(1024M) 0.142ms
[2021-04-04T22:08:10.643+0530][gc,cpu       ] GC(2) User=0.00s Sys=0.00s Real=0.00s
[2021-04-04T22:08:10.643+0530][gc,marking   ] GC(2) Concurrent Cleanup for Next Mark
[2021-04-04T22:08:10.647+0530][gc,marking   ] GC(2) Concurrent Cleanup for Next Mark 3.487ms
[2021-04-04T22:08:10.647+0530][gc           ] GC(2) Concurrent Cycle 14.130ms
[2021-04-04T22:08:11.183+0530][gc,start     ] GC(3) Pause Young (Normal) (G1 Evacuation Pause)
[2021-04-04T22:08:11.183+0530][gc,task      ] GC(3) Using 8 workers of 8 for evacuation
[2021-04-04T22:08:11.186+0530][gc,phases    ] GC(3)   Pre Evacuate Collection Set: 0.1ms
[2021-04-04T22:08:11.186+0530][gc,phases    ] GC(3)   Merge Heap Roots: 0.1ms
[2021-04-04T22:08:11.186+0530][gc,phases    ] GC(3)   Evacuate Collection Set: 2.5ms
[2021-04-04T22:08:11.186+0530][gc,phases    ] GC(3)   Post Evacuate Collection Set: 0.4ms
[2021-04-04T22:08:11.186+0530][gc,phases    ] GC(3)   Other: 0.1ms
[2021-04-04T22:08:11.186+0530][gc,heap      ] GC(3) Eden regions: 49->0(46)
[2021-04-04T22:08:11.186+0530][gc,heap      ] GC(3) Survivor regions: 2->5(7)
[2021-04-04T22:08:11.186+0530][gc,heap      ] GC(3) Old regions: 6->6
[2021-04-04T22:08:11.186+0530][gc,heap      ] GC(3) Archive regions: 2->2
[2021-04-04T22:08:11.186+0530][gc,heap      ] GC(3) Humongous regions: 129->129
[2021-04-04T22:08:11.186+0530][gc,metaspace ] GC(3) Metaspace: 29313K(30336K)->29313K(30336K) NonClass: 25977K(26624K)->25977K(26624K) Class: 3335K(3712K)->3335K(3712K)
[2021-04-04T22:08:11.186+0530][gc           ] GC(3) Pause Young (Normal) (G1 Evacuation Pause) 186M->140M(1024M) 3.325ms
[2021-04-04T22:08:11.186+0530][gc,cpu       ] GC(3) User=0.02s Sys=0.00s Real=0.00s
[2021-04-04T22:08:40.659+0530][gc,start     ] GC(4) Pause Young (Concurrent Start) (Metadata GC Threshold)
[2021-04-04T22:08:40.659+0530][gc,task      ] GC(4) Using 8 workers of 8 for evacuation
[2021-04-04T22:08:40.666+0530][gc,phases    ] GC(4)   Pre Evacuate Collection Set: 0.4ms
[2021-04-04T22:08:40.666+0530][gc,phases    ] GC(4)   Merge Heap Roots: 0.1ms
[2021-04-04T22:08:40.666+0530][gc,phases    ] GC(4)   Evacuate Collection Set: 5.5ms
[2021-04-04T22:08:40.666+0530][gc,phases    ] GC(4)   Post Evacuate Collection Set: 0.5ms
[2021-04-04T22:08:40.666+0530][gc,phases    ] GC(4)   Other: 0.2ms
[2021-04-04T22:08:40.666+0530][gc,heap      ] GC(4) Eden regions: 25->0(49)
[2021-04-04T22:08:40.666+0530][gc,heap      ] GC(4) Survivor regions: 5->2(7)
[2021-04-04T22:08:40.666+0530][gc,heap      ] GC(4) Old regions: 6->11
[2021-04-04T22:08:40.666+0530][gc,heap      ] GC(4) Archive regions: 2->2
[2021-04-04T22:08:40.666+0530][gc,heap      ] GC(4) Humongous regions: 129->129
[2021-04-04T22:08:40.666+0530][gc,metaspace ] GC(4) Metaspace: 34633K(35840K)->34633K(35840K) NonClass: 30619K(31232K)->30619K(31232K) Class: 4014K(4608K)->4014K(4608K)
[2021-04-04T22:08:40.666+0530][gc           ] GC(4) Pause Young (Concurrent Start) (Metadata GC Threshold) 165M->141M(1024M) 6.845ms
[2021-04-04T22:08:40.666+0530][gc,cpu       ] GC(4) User=0.03s Sys=0.01s Real=0.00s
[2021-04-04T22:08:40.666+0530][gc           ] GC(5) Concurrent Cycle
[2021-04-04T22:08:40.666+0530][gc,marking   ] GC(5) Concurrent Clear Claimed Marks
[2021-04-04T22:08:40.666+0530][gc,marking   ] GC(5) Concurrent Clear Claimed Marks 0.095ms
[2021-04-04T22:08:40.666+0530][gc,marking   ] GC(5) Concurrent Scan Root Regions
[2021-04-04T22:08:40.669+0530][gc,marking   ] GC(5) Concurrent Scan Root Regions 3.030ms
[2021-04-04T22:08:40.669+0530][gc,marking   ] GC(5) Concurrent Mark (31.267s)
[2021-04-04T22:08:40.669+0530][gc,marking   ] GC(5) Concurrent Mark From Roots
[2021-04-04T22:08:40.669+0530][gc,task      ] GC(5) Using 2 workers of 2 for marking
[2021-04-04T22:08:40.674+0530][gc,marking   ] GC(5) Concurrent Mark From Roots 5.153ms
[2021-04-04T22:08:40.674+0530][gc,marking   ] GC(5) Concurrent Preclean
[2021-04-04T22:08:40.674+0530][gc,marking   ] GC(5) Concurrent Preclean 0.069ms
[2021-04-04T22:08:40.674+0530][gc,marking   ] GC(5) Concurrent Mark (31.267s, 31.273s) 5.264ms
[2021-04-04T22:08:40.674+0530][gc,start     ] GC(5) Pause Remark
[2021-04-04T22:08:40.676+0530][gc           ] GC(5) Pause Remark 142M->142M(1024M) 1.171ms
[2021-04-04T22:08:40.676+0530][gc,cpu       ] GC(5) User=0.01s Sys=0.00s Real=0.01s
[2021-04-04T22:08:40.676+0530][gc,marking   ] GC(5) Concurrent Rebuild Remembered Sets
[2021-04-04T22:08:40.680+0530][gc,marking   ] GC(5) Concurrent Rebuild Remembered Sets 4.606ms
[2021-04-04T22:08:40.681+0530][gc,start     ] GC(5) Pause Cleanup
[2021-04-04T22:08:40.681+0530][gc           ] GC(5) Pause Cleanup 142M->142M(1024M) 0.190ms
[2021-04-04T22:08:40.681+0530][gc,cpu       ] GC(5) User=0.00s Sys=0.00s Real=0.00s
[2021-04-04T22:08:40.681+0530][gc,marking   ] GC(5) Concurrent Cleanup for Next Mark
[2021-04-04T22:08:40.684+0530][gc,marking   ] GC(5) Concurrent Cleanup for Next Mark 3.300ms
[2021-04-04T22:08:40.684+0530][gc           ] GC(5) Concurrent Cycle 18.454ms
[2021-04-04T22:12:53.693+0530][gc,heap,exit ] Heap
[2021-04-04T22:12:53.694+0530][gc,heap,exit ]  garbage-first heap   total 1048576K, used 157681K [0x00000000c0000000, 0x0000000100000000)
[2021-04-04T22:12:53.694+0530][gc,heap,exit ]   region size 1024K, 16 young (16384K), 2 survivors (2048K)
[2021-04-04T22:12:53.694+0530][gc,heap,exit ]  Metaspace       used 35771K, capacity 37135K, committed 37376K, reserved 1081344K
[2021-04-04T22:12:53.694+0530][gc,heap,exit ]   class space    used 4227K, capacity 4809K, committed 4864K, reserved 1048576K
