[2021-04-04T20:09:40.498+0530][gc,heap] Heap region size: 1M
[2021-04-04T20:09:40.498+0530][gc,heap,coops] Heap address: 0x00000000c0000000, size: 1024 MB, Compressed Oops mode: 32-bit
[2021-04-04T20:09:40.505+0530][gc           ] Using G1
[2021-04-04T20:09:40.505+0530][gc,cds       ] Mark closed archive regions in map: [0x00000000fff00000, 0x00000000fff7eff8]
[2021-04-04T20:09:40.505+0530][gc,cds       ] Mark open archive regions in map: [0x00000000ffe00000, 0x00000000ffe51ff8]
[2021-04-04T20:09:40.514+0530][gc           ] Periodic GC disabled
[2021-04-04T20:09:41.486+0530][gc,start     ] GC(0) Pause Young (Normal) (G1 Evacuation Pause)
[2021-04-04T20:09:41.491+0530][gc,task      ] GC(0) Using 8 workers of 8 for evacuation
[2021-04-04T20:09:41.498+0530][gc,phases    ] GC(0)   Pre Evacuate Collection Set: 0.2ms
[2021-04-04T20:09:41.498+0530][gc,phases    ] GC(0)   Merge Heap Roots: 0.1ms
[2021-04-04T20:09:41.498+0530][gc,phases    ] GC(0)   Evacuate Collection Set: 5.3ms
[2021-04-04T20:09:41.498+0530][gc,phases    ] GC(0)   Post Evacuate Collection Set: 0.6ms
[2021-04-04T20:09:41.498+0530][gc,phases    ] GC(0)   Other: 6.0ms
[2021-04-04T20:09:41.498+0530][gc,heap      ] GC(0) Eden regions: 51->0(44)
[2021-04-04T20:09:41.498+0530][gc,heap      ] GC(0) Survivor regions: 0->7(7)
[2021-04-04T20:09:41.498+0530][gc,heap      ] GC(0) Old regions: 0->0
[2021-04-04T20:09:41.498+0530][gc,heap      ] GC(0) Archive regions: 2->2
[2021-04-04T20:09:41.498+0530][gc,heap      ] GC(0) Humongous regions: 0->0
[2021-04-04T20:09:41.498+0530][gc,metaspace ] GC(0) Metaspace: 14166K(14848K)->14166K(14848K) NonClass: 12397K(12800K)->12397K(12800K) Class: 1769K(2048K)->1769K(2048K)
[2021-04-04T20:09:41.498+0530][gc           ] GC(0) Pause Young (Normal) (G1 Evacuation Pause) 51M->6M(1024M) 12.245ms
[2021-04-04T20:09:41.498+0530][gc,cpu       ] GC(0) User=0.03s Sys=0.00s Real=0.01s
[2021-04-04T20:09:41.997+0530][gc,start     ] GC(1) Pause Young (Concurrent Start) (Metadata GC Threshold)
[2021-04-04T20:09:41.997+0530][gc,task      ] GC(1) Using 8 workers of 8 for evacuation
[2021-04-04T20:09:42.003+0530][gc,phases    ] GC(1)   Pre Evacuate Collection Set: 0.2ms
[2021-04-04T20:09:42.003+0530][gc,phases    ] GC(1)   Merge Heap Roots: 0.0ms
[2021-04-04T20:09:42.003+0530][gc,phases    ] GC(1)   Evacuate Collection Set: 4.7ms
[2021-04-04T20:09:42.003+0530][gc,phases    ] GC(1)   Post Evacuate Collection Set: 0.4ms
[2021-04-04T20:09:42.003+0530][gc,phases    ] GC(1)   Other: 0.2ms
[2021-04-04T20:09:42.003+0530][gc,heap      ] GC(1) Eden regions: 28->0(49)
[2021-04-04T20:09:42.003+0530][gc,heap      ] GC(1) Survivor regions: 7->2(7)
[2021-04-04T20:09:42.003+0530][gc,heap      ] GC(1) Old regions: 0->6
[2021-04-04T20:09:42.003+0530][gc,heap      ] GC(1) Archive regions: 2->2
[2021-04-04T20:09:42.003+0530][gc,heap      ] GC(1) Humongous regions: 0->0
[2021-04-04T20:09:42.003+0530][gc,metaspace ] GC(1) Metaspace: 20584K(21248K)->20584K(21248K) NonClass: 18027K(18432K)->18027K(18432K) Class: 2556K(2816K)->2556K(2816K)
[2021-04-04T20:09:42.003+0530][gc           ] GC(1) Pause Young (Concurrent Start) (Metadata GC Threshold) 34M->8M(1024M) 5.579ms
[2021-04-04T20:09:42.003+0530][gc,cpu       ] GC(1) User=0.03s Sys=0.01s Real=0.00s
[2021-04-04T20:09:42.003+0530][gc           ] GC(2) Concurrent Cycle
[2021-04-04T20:09:42.003+0530][gc,marking   ] GC(2) Concurrent Clear Claimed Marks
[2021-04-04T20:09:42.003+0530][gc,marking   ] GC(2) Concurrent Clear Claimed Marks 0.045ms
[2021-04-04T20:09:42.003+0530][gc,marking   ] GC(2) Concurrent Scan Root Regions
[2021-04-04T20:09:42.006+0530][gc,marking   ] GC(2) Concurrent Scan Root Regions 2.950ms
[2021-04-04T20:09:42.006+0530][gc,marking   ] GC(2) Concurrent Mark (1.511s)
[2021-04-04T20:09:42.006+0530][gc,marking   ] GC(2) Concurrent Mark From Roots
[2021-04-04T20:09:42.006+0530][gc,task      ] GC(2) Using 2 workers of 2 for marking
[2021-04-04T20:09:42.008+0530][gc,marking   ] GC(2) Concurrent Mark From Roots 2.040ms
[2021-04-04T20:09:42.008+0530][gc,marking   ] GC(2) Concurrent Preclean
[2021-04-04T20:09:42.008+0530][gc,marking   ] GC(2) Concurrent Preclean 0.050ms
[2021-04-04T20:09:42.008+0530][gc,marking   ] GC(2) Concurrent Mark (1.511s, 1.513s) 2.152ms
[2021-04-04T20:09:42.008+0530][gc,start     ] GC(2) Pause Remark
[2021-04-04T20:09:42.011+0530][gc           ] GC(2) Pause Remark 8M->8M(1024M) 2.435ms
[2021-04-04T20:09:42.011+0530][gc,cpu       ] GC(2) User=0.01s Sys=0.00s Real=0.00s
[2021-04-04T20:09:42.011+0530][gc,marking   ] GC(2) Concurrent Rebuild Remembered Sets
[2021-04-04T20:09:42.013+0530][gc,marking   ] GC(2) Concurrent Rebuild Remembered Sets 2.346ms
[2021-04-04T20:09:42.014+0530][gc,start     ] GC(2) Pause Cleanup
[2021-04-04T20:09:42.014+0530][gc           ] GC(2) Pause Cleanup 8M->8M(1024M) 0.185ms
[2021-04-04T20:09:42.014+0530][gc,cpu       ] GC(2) User=0.00s Sys=0.00s Real=0.00s
[2021-04-04T20:09:42.014+0530][gc,marking   ] GC(2) Concurrent Cleanup for Next Mark
[2021-04-04T20:09:42.018+0530][gc,marking   ] GC(2) Concurrent Cleanup for Next Mark 4.012ms
[2021-04-04T20:09:42.018+0530][gc           ] GC(2) Concurrent Cycle 15.239ms
[2021-04-04T20:09:42.734+0530][gc,start     ] GC(3) Pause Young (Normal) (G1 Evacuation Pause)
[2021-04-04T20:09:42.734+0530][gc,task      ] GC(3) Using 8 workers of 8 for evacuation
[2021-04-04T20:09:42.737+0530][gc,phases    ] GC(3)   Pre Evacuate Collection Set: 0.1ms
[2021-04-04T20:09:42.737+0530][gc,phases    ] GC(3)   Merge Heap Roots: 0.1ms
[2021-04-04T20:09:42.737+0530][gc,phases    ] GC(3)   Evacuate Collection Set: 2.8ms
[2021-04-04T20:09:42.737+0530][gc,phases    ] GC(3)   Post Evacuate Collection Set: 0.4ms
[2021-04-04T20:09:42.737+0530][gc,phases    ] GC(3)   Other: 0.1ms
[2021-04-04T20:09:42.737+0530][gc,heap      ] GC(3) Eden regions: 49->0(46)
[2021-04-04T20:09:42.737+0530][gc,heap      ] GC(3) Survivor regions: 2->5(7)
[2021-04-04T20:09:42.737+0530][gc,heap      ] GC(3) Old regions: 6->6
[2021-04-04T20:09:42.737+0530][gc,heap      ] GC(3) Archive regions: 2->2
[2021-04-04T20:09:42.737+0530][gc,heap      ] GC(3) Humongous regions: 129->129
[2021-04-04T20:09:42.737+0530][gc,metaspace ] GC(3) Metaspace: 29418K(30464K)->29418K(30464K) NonClass: 26015K(26624K)->26015K(26624K) Class: 3403K(3840K)->3403K(3840K)
[2021-04-04T20:09:42.737+0530][gc           ] GC(3) Pause Young (Normal) (G1 Evacuation Pause) 186M->140M(1024M) 3.636ms
[2021-04-04T20:09:42.737+0530][gc,cpu       ] GC(3) User=0.02s Sys=0.00s Real=0.00s
[2021-04-04T20:10:12.072+0530][gc,start     ] GC(4) Pause Young (Concurrent Start) (Metadata GC Threshold)
[2021-04-04T20:10:12.072+0530][gc,task      ] GC(4) Using 8 workers of 8 for evacuation
[2021-04-04T20:10:12.084+0530][gc,phases    ] GC(4)   Pre Evacuate Collection Set: 0.4ms
[2021-04-04T20:10:12.084+0530][gc,phases    ] GC(4)   Merge Heap Roots: 0.1ms
[2021-04-04T20:10:12.084+0530][gc,phases    ] GC(4)   Evacuate Collection Set: 10.4ms
[2021-04-04T20:10:12.084+0530][gc,phases    ] GC(4)   Post Evacuate Collection Set: 0.9ms
[2021-04-04T20:10:12.084+0530][gc,phases    ] GC(4)   Other: 0.4ms
[2021-04-04T20:10:12.084+0530][gc,heap      ] GC(4) Eden regions: 25->0(49)
[2021-04-04T20:10:12.084+0530][gc,heap      ] GC(4) Survivor regions: 5->2(7)
[2021-04-04T20:10:12.084+0530][gc,heap      ] GC(4) Old regions: 6->11
[2021-04-04T20:10:12.085+0530][gc,heap      ] GC(4) Archive regions: 2->2
[2021-04-04T20:10:12.085+0530][gc,heap      ] GC(4) Humongous regions: 129->129
[2021-04-04T20:10:12.085+0530][gc,metaspace ] GC(4) Metaspace: 34588K(35840K)->34588K(35840K) NonClass: 30587K(31232K)->30587K(31232K) Class: 4001K(4608K)->4001K(4608K)
[2021-04-04T20:10:12.085+0530][gc           ] GC(4) Pause Young (Concurrent Start) (Metadata GC Threshold) 164M->141M(1024M) 12.554ms
[2021-04-04T20:10:12.085+0530][gc,cpu       ] GC(4) User=0.07s Sys=0.01s Real=0.01s
[2021-04-04T20:10:12.085+0530][gc           ] GC(5) Concurrent Cycle
[2021-04-04T20:10:12.085+0530][gc,marking   ] GC(5) Concurrent Clear Claimed Marks
[2021-04-04T20:10:12.085+0530][gc,marking   ] GC(5) Concurrent Clear Claimed Marks 0.288ms
[2021-04-04T20:10:12.085+0530][gc,marking   ] GC(5) Concurrent Scan Root Regions
[2021-04-04T20:10:12.092+0530][gc,marking   ] GC(5) Concurrent Scan Root Regions 6.876ms
[2021-04-04T20:10:12.092+0530][gc,marking   ] GC(5) Concurrent Mark (31.597s)
[2021-04-04T20:10:12.092+0530][gc,marking   ] GC(5) Concurrent Mark From Roots
[2021-04-04T20:10:12.092+0530][gc,task      ] GC(5) Using 2 workers of 2 for marking
[2021-04-04T20:10:12.102+0530][gc,marking   ] GC(5) Concurrent Mark From Roots 10.060ms
[2021-04-04T20:10:12.102+0530][gc,marking   ] GC(5) Concurrent Preclean
[2021-04-04T20:10:12.103+0530][gc,marking   ] GC(5) Concurrent Preclean 0.149ms
[2021-04-04T20:10:12.103+0530][gc,marking   ] GC(5) Concurrent Mark (31.597s, 31.607s) 10.341ms
[2021-04-04T20:10:12.103+0530][gc,start     ] GC(5) Pause Remark
[2021-04-04T20:10:12.106+0530][gc           ] GC(5) Pause Remark 142M->142M(1024M) 2.733ms
[2021-04-04T20:10:12.106+0530][gc,cpu       ] GC(5) User=0.00s Sys=0.00s Real=0.01s
[2021-04-04T20:10:12.106+0530][gc,marking   ] GC(5) Concurrent Rebuild Remembered Sets
[2021-04-04T20:10:12.114+0530][gc,marking   ] GC(5) Concurrent Rebuild Remembered Sets 7.871ms
[2021-04-04T20:10:12.114+0530][gc,start     ] GC(5) Pause Cleanup
[2021-04-04T20:10:12.114+0530][gc           ] GC(5) Pause Cleanup 142M->142M(1024M) 0.184ms
[2021-04-04T20:10:12.114+0530][gc,cpu       ] GC(5) User=0.00s Sys=0.00s Real=0.00s
[2021-04-04T20:10:12.114+0530][gc,marking   ] GC(5) Concurrent Cleanup for Next Mark
[2021-04-04T20:10:12.119+0530][gc,marking   ] GC(5) Concurrent Cleanup for Next Mark 4.625ms
[2021-04-04T20:10:12.119+0530][gc           ] GC(5) Concurrent Cycle 34.017ms
[2021-04-04T20:13:12.050+0530][gc,heap,exit ] Heap
[2021-04-04T20:13:12.050+0530][gc,heap,exit ]  garbage-first heap   total 1048576K, used 157618K [0x00000000c0000000, 0x0000000100000000)
[2021-04-04T20:13:12.050+0530][gc,heap,exit ]   region size 1024K, 15 young (15360K), 2 survivors (2048K)
[2021-04-04T20:13:12.050+0530][gc,heap,exit ]  Metaspace       used 35669K, capacity 36944K, committed 37120K, reserved 1081344K
[2021-04-04T20:13:12.050+0530][gc,heap,exit ]   class space    used 4208K, capacity 4791K, committed 4864K, reserved 1048576K
