[2021-04-04T20:05:29.545+0530][gc,heap] Heap region size: 1M
[2021-04-04T20:05:29.545+0530][gc,heap,coops] Heap address: 0x00000000c0000000, size: 1024 MB, Compressed Oops mode: 32-bit
[2021-04-04T20:05:29.552+0530][gc           ] Using G1
[2021-04-04T20:05:29.552+0530][gc,cds       ] Mark closed archive regions in map: [0x00000000fff00000, 0x00000000fff7eff8]
[2021-04-04T20:05:29.552+0530][gc,cds       ] Mark open archive regions in map: [0x00000000ffe00000, 0x00000000ffe51ff8]
[2021-04-04T20:05:29.561+0530][gc           ] Periodic GC disabled
[2021-04-04T20:05:30.373+0530][gc,start     ] GC(0) Pause Young (Normal) (G1 Evacuation Pause)
[2021-04-04T20:05:30.374+0530][gc,task      ] GC(0) Using 8 workers of 8 for evacuation
[2021-04-04T20:05:30.378+0530][gc,phases    ] GC(0)   Pre Evacuate Collection Set: 0.1ms
[2021-04-04T20:05:30.378+0530][gc,phases    ] GC(0)   Merge Heap Roots: 0.0ms
[2021-04-04T20:05:30.378+0530][gc,phases    ] GC(0)   Evacuate Collection Set: 3.6ms
[2021-04-04T20:05:30.378+0530][gc,phases    ] GC(0)   Post Evacuate Collection Set: 0.5ms
[2021-04-04T20:05:30.378+0530][gc,phases    ] GC(0)   Other: 0.8ms
[2021-04-04T20:05:30.378+0530][gc,heap      ] GC(0) Eden regions: 51->0(44)
[2021-04-04T20:05:30.378+0530][gc,heap      ] GC(0) Survivor regions: 0->7(7)
[2021-04-04T20:05:30.378+0530][gc,heap      ] GC(0) Old regions: 0->0
[2021-04-04T20:05:30.378+0530][gc,heap      ] GC(0) Archive regions: 2->2
[2021-04-04T20:05:30.378+0530][gc,heap      ] GC(0) Humongous regions: 0->0
[2021-04-04T20:05:30.378+0530][gc,metaspace ] GC(0) Metaspace: 14870K(15360K)->14870K(15360K) NonClass: 13005K(13312K)->13005K(13312K) Class: 1865K(2048K)->1865K(2048K)
[2021-04-04T20:05:30.378+0530][gc           ] GC(0) Pause Young (Normal) (G1 Evacuation Pause) 51M->7M(1024M) 5.121ms
[2021-04-04T20:05:30.378+0530][gc,cpu       ] GC(0) User=0.02s Sys=0.00s Real=0.00s
[2021-04-04T20:05:30.761+0530][gc,start     ] GC(1) Pause Young (Concurrent Start) (Metadata GC Threshold)
[2021-04-04T20:05:30.761+0530][gc,task      ] GC(1) Using 8 workers of 8 for evacuation
[2021-04-04T20:05:30.765+0530][gc,phases    ] GC(1)   Pre Evacuate Collection Set: 0.2ms
[2021-04-04T20:05:30.765+0530][gc,phases    ] GC(1)   Merge Heap Roots: 0.0ms
[2021-04-04T20:05:30.766+0530][gc,phases    ] GC(1)   Evacuate Collection Set: 3.9ms
[2021-04-04T20:05:30.766+0530][gc,phases    ] GC(1)   Post Evacuate Collection Set: 0.3ms
[2021-04-04T20:05:30.766+0530][gc,phases    ] GC(1)   Other: 0.2ms
[2021-04-04T20:05:30.766+0530][gc,heap      ] GC(1) Eden regions: 25->0(49)
[2021-04-04T20:05:30.766+0530][gc,heap      ] GC(1) Survivor regions: 7->2(7)
[2021-04-04T20:05:30.766+0530][gc,heap      ] GC(1) Old regions: 0->7
[2021-04-04T20:05:30.766+0530][gc,heap      ] GC(1) Archive regions: 2->2
[2021-04-04T20:05:30.766+0530][gc,heap      ] GC(1) Humongous regions: 0->0
[2021-04-04T20:05:30.766+0530][gc,metaspace ] GC(1) Metaspace: 20602K(21248K)->20602K(21248K) NonClass: 18046K(18432K)->18046K(18432K) Class: 2556K(2816K)->2556K(2816K)
[2021-04-04T20:05:30.766+0530][gc           ] GC(1) Pause Young (Concurrent Start) (Metadata GC Threshold) 31M->8M(1024M) 4.737ms
[2021-04-04T20:05:30.766+0530][gc,cpu       ] GC(1) User=0.03s Sys=0.00s Real=0.01s
[2021-04-04T20:05:30.766+0530][gc           ] GC(2) Concurrent Cycle
[2021-04-04T20:05:30.766+0530][gc,marking   ] GC(2) Concurrent Clear Claimed Marks
[2021-04-04T20:05:30.766+0530][gc,marking   ] GC(2) Concurrent Clear Claimed Marks 0.043ms
[2021-04-04T20:05:30.766+0530][gc,marking   ] GC(2) Concurrent Scan Root Regions
[2021-04-04T20:05:30.768+0530][gc,marking   ] GC(2) Concurrent Scan Root Regions 2.614ms
[2021-04-04T20:05:30.768+0530][gc,marking   ] GC(2) Concurrent Mark (1.226s)
[2021-04-04T20:05:30.768+0530][gc,marking   ] GC(2) Concurrent Mark From Roots
[2021-04-04T20:05:30.768+0530][gc,task      ] GC(2) Using 2 workers of 2 for marking
[2021-04-04T20:05:30.770+0530][gc,marking   ] GC(2) Concurrent Mark From Roots 1.361ms
[2021-04-04T20:05:30.770+0530][gc,marking   ] GC(2) Concurrent Preclean
[2021-04-04T20:05:30.770+0530][gc,marking   ] GC(2) Concurrent Preclean 0.042ms
[2021-04-04T20:05:30.770+0530][gc,marking   ] GC(2) Concurrent Mark (1.226s, 1.228s) 1.445ms
[2021-04-04T20:05:30.770+0530][gc,start     ] GC(2) Pause Remark
[2021-04-04T20:05:30.771+0530][gc           ] GC(2) Pause Remark 8M->8M(1024M) 0.913ms
[2021-04-04T20:05:30.771+0530][gc,cpu       ] GC(2) User=0.00s Sys=0.00s Real=0.00s
[2021-04-04T20:05:30.771+0530][gc,marking   ] GC(2) Concurrent Rebuild Remembered Sets
[2021-04-04T20:05:30.774+0530][gc,marking   ] GC(2) Concurrent Rebuild Remembered Sets 2.745ms
[2021-04-04T20:05:30.774+0530][gc,start     ] GC(2) Pause Cleanup
[2021-04-04T20:05:30.774+0530][gc           ] GC(2) Pause Cleanup 8M->8M(1024M) 0.169ms
[2021-04-04T20:05:30.774+0530][gc,cpu       ] GC(2) User=0.00s Sys=0.00s Real=0.00s
[2021-04-04T20:05:30.774+0530][gc,marking   ] GC(2) Concurrent Cleanup for Next Mark
[2021-04-04T20:05:30.779+0530][gc,marking   ] GC(2) Concurrent Cleanup for Next Mark 4.487ms
[2021-04-04T20:05:30.779+0530][gc           ] GC(2) Concurrent Cycle 13.384ms
[2021-04-04T20:05:31.394+0530][gc,start     ] GC(3) Pause Young (Normal) (G1 Evacuation Pause)
[2021-04-04T20:05:31.394+0530][gc,task      ] GC(3) Using 8 workers of 8 for evacuation
[2021-04-04T20:05:31.397+0530][gc,phases    ] GC(3)   Pre Evacuate Collection Set: 0.1ms
[2021-04-04T20:05:31.397+0530][gc,phases    ] GC(3)   Merge Heap Roots: 0.1ms
[2021-04-04T20:05:31.397+0530][gc,phases    ] GC(3)   Evacuate Collection Set: 2.9ms
[2021-04-04T20:05:31.397+0530][gc,phases    ] GC(3)   Post Evacuate Collection Set: 0.3ms
[2021-04-04T20:05:31.397+0530][gc,phases    ] GC(3)   Other: 0.1ms
[2021-04-04T20:05:31.397+0530][gc,heap      ] GC(3) Eden regions: 49->0(46)
[2021-04-04T20:05:31.397+0530][gc,heap      ] GC(3) Survivor regions: 2->5(7)
[2021-04-04T20:05:31.397+0530][gc,heap      ] GC(3) Old regions: 7->7
[2021-04-04T20:05:31.397+0530][gc,heap      ] GC(3) Archive regions: 2->2
[2021-04-04T20:05:31.397+0530][gc,heap      ] GC(3) Humongous regions: 129->129
[2021-04-04T20:05:31.397+0530][gc,metaspace ] GC(3) Metaspace: 29392K(30464K)->29392K(30464K) NonClass: 25989K(26624K)->25989K(26624K) Class: 3403K(3840K)->3403K(3840K)
[2021-04-04T20:05:31.397+0530][gc           ] GC(3) Pause Young (Normal) (G1 Evacuation Pause) 186M->140M(1024M) 3.625ms
[2021-04-04T20:05:31.397+0530][gc,cpu       ] GC(3) User=0.03s Sys=0.00s Real=0.00s
[2021-04-04T20:06:00.822+0530][gc,start     ] GC(4) Pause Young (Concurrent Start) (Metadata GC Threshold)
[2021-04-04T20:06:00.822+0530][gc,task      ] GC(4) Using 8 workers of 8 for evacuation
[2021-04-04T20:06:00.830+0530][gc,phases    ] GC(4)   Pre Evacuate Collection Set: 0.3ms
[2021-04-04T20:06:00.830+0530][gc,phases    ] GC(4)   Merge Heap Roots: 0.1ms
[2021-04-04T20:06:00.830+0530][gc,phases    ] GC(4)   Evacuate Collection Set: 6.8ms
[2021-04-04T20:06:00.830+0530][gc,phases    ] GC(4)   Post Evacuate Collection Set: 0.5ms
[2021-04-04T20:06:00.830+0530][gc,phases    ] GC(4)   Other: 0.3ms
[2021-04-04T20:06:00.830+0530][gc,heap      ] GC(4) Eden regions: 24->0(49)
[2021-04-04T20:06:00.830+0530][gc,heap      ] GC(4) Survivor regions: 5->2(7)
[2021-04-04T20:06:00.830+0530][gc,heap      ] GC(4) Old regions: 7->11
[2021-04-04T20:06:00.830+0530][gc,heap      ] GC(4) Archive regions: 2->2
[2021-04-04T20:06:00.830+0530][gc,heap      ] GC(4) Humongous regions: 129->129
[2021-04-04T20:06:00.830+0530][gc,metaspace ] GC(4) Metaspace: 34619K(35840K)->34619K(35840K) NonClass: 30621K(31232K)->30621K(31232K) Class: 3998K(4608K)->3998K(4608K)
[2021-04-04T20:06:00.830+0530][gc           ] GC(4) Pause Young (Concurrent Start) (Metadata GC Threshold) 164M->142M(1024M) 8.097ms
[2021-04-04T20:06:00.830+0530][gc,cpu       ] GC(4) User=0.04s Sys=0.00s Real=0.01s
[2021-04-04T20:06:00.830+0530][gc           ] GC(5) Concurrent Cycle
[2021-04-04T20:06:00.830+0530][gc,marking   ] GC(5) Concurrent Clear Claimed Marks
[2021-04-04T20:06:00.830+0530][gc,marking   ] GC(5) Concurrent Clear Claimed Marks 0.104ms
[2021-04-04T20:06:00.830+0530][gc,marking   ] GC(5) Concurrent Scan Root Regions
[2021-04-04T20:06:00.834+0530][gc,marking   ] GC(5) Concurrent Scan Root Regions 3.499ms
[2021-04-04T20:06:00.834+0530][gc,marking   ] GC(5) Concurrent Mark (31.292s)
[2021-04-04T20:06:00.834+0530][gc,marking   ] GC(5) Concurrent Mark From Roots
[2021-04-04T20:06:00.834+0530][gc,task      ] GC(5) Using 2 workers of 2 for marking
[2021-04-04T20:06:00.841+0530][gc,marking   ] GC(5) Concurrent Mark From Roots 6.661ms
[2021-04-04T20:06:00.841+0530][gc,marking   ] GC(5) Concurrent Preclean
[2021-04-04T20:06:00.841+0530][gc,marking   ] GC(5) Concurrent Preclean 0.086ms
[2021-04-04T20:06:00.841+0530][gc,marking   ] GC(5) Concurrent Mark (31.292s, 31.299s) 6.800ms
[2021-04-04T20:06:00.841+0530][gc,start     ] GC(5) Pause Remark
[2021-04-04T20:06:00.843+0530][gc           ] GC(5) Pause Remark 142M->142M(1024M) 1.596ms
[2021-04-04T20:06:00.843+0530][gc,cpu       ] GC(5) User=0.00s Sys=0.01s Real=0.00s
[2021-04-04T20:06:00.843+0530][gc,marking   ] GC(5) Concurrent Rebuild Remembered Sets
[2021-04-04T20:06:00.848+0530][gc,marking   ] GC(5) Concurrent Rebuild Remembered Sets 4.894ms
[2021-04-04T20:06:00.848+0530][gc,start     ] GC(5) Pause Cleanup
[2021-04-04T20:06:00.848+0530][gc           ] GC(5) Pause Cleanup 142M->142M(1024M) 0.151ms
[2021-04-04T20:06:00.848+0530][gc,cpu       ] GC(5) User=0.00s Sys=0.00s Real=0.00s
[2021-04-04T20:06:00.848+0530][gc,marking   ] GC(5) Concurrent Cleanup for Next Mark
[2021-04-04T20:06:00.852+0530][gc,marking   ] GC(5) Concurrent Cleanup for Next Mark 4.170ms
[2021-04-04T20:06:00.852+0530][gc           ] GC(5) Concurrent Cycle 22.095ms
[2021-04-04T20:08:45.831+0530][gc,heap,exit ] Heap
[2021-04-04T20:08:45.831+0530][gc,heap,exit ]  garbage-first heap   total 1048576K, used 157851K [0x00000000c0000000, 0x0000000100000000)
[2021-04-04T20:08:45.831+0530][gc,heap,exit ]   region size 1024K, 15 young (15360K), 2 survivors (2048K)
[2021-04-04T20:08:45.831+0530][gc,heap,exit ]  Metaspace       used 35617K, capacity 36956K, committed 37120K, reserved 1081344K
[2021-04-04T20:08:45.831+0530][gc,heap,exit ]   class space    used 4208K, capacity 4794K, committed 4864K, reserved 1048576K
