[2021-04-04T16:06:38.581+0530][gc,heap] Heap region size: 1M
[2021-04-04T16:06:38.581+0530][gc,heap,coops] Heap address: 0x00000000c0000000, size: 1024 MB, Compressed Oops mode: 32-bit
[2021-04-04T16:06:38.586+0530][gc           ] Using G1
[2021-04-04T16:06:38.586+0530][gc,cds       ] Mark closed archive regions in map: [0x00000000fff00000, 0x00000000fff7eff8]
[2021-04-04T16:06:38.586+0530][gc,cds       ] Mark open archive regions in map: [0x00000000ffe00000, 0x00000000ffe51ff8]
[2021-04-04T16:06:38.593+0530][gc           ] Periodic GC disabled
[2021-04-04T16:06:39.233+0530][gc,start     ] GC(0) Pause Young (Normal) (G1 Evacuation Pause)
[2021-04-04T16:06:39.233+0530][gc,task      ] GC(0) Using 8 workers of 8 for evacuation
[2021-04-04T16:06:39.236+0530][gc,phases    ] GC(0)   Pre Evacuate Collection Set: 0.1ms
[2021-04-04T16:06:39.236+0530][gc,phases    ] GC(0)   Merge Heap Roots: 0.0ms
[2021-04-04T16:06:39.236+0530][gc,phases    ] GC(0)   Evacuate Collection Set: 2.6ms
[2021-04-04T16:06:39.236+0530][gc,phases    ] GC(0)   Post Evacuate Collection Set: 0.3ms
[2021-04-04T16:06:39.236+0530][gc,phases    ] GC(0)   Other: 0.4ms
[2021-04-04T16:06:39.236+0530][gc,heap      ] GC(0) Eden regions: 51->0(44)
[2021-04-04T16:06:39.236+0530][gc,heap      ] GC(0) Survivor regions: 0->7(7)
[2021-04-04T16:06:39.236+0530][gc,heap      ] GC(0) Old regions: 0->0
[2021-04-04T16:06:39.236+0530][gc,heap      ] GC(0) Archive regions: 2->2
[2021-04-04T16:06:39.236+0530][gc,heap      ] GC(0) Humongous regions: 0->0
[2021-04-04T16:06:39.236+0530][gc,metaspace ] GC(0) Metaspace: 14157K(14848K)->14157K(14848K) NonClass: 12388K(12800K)->12388K(12800K) Class: 1769K(2048K)->1769K(2048K)
[2021-04-04T16:06:39.236+0530][gc           ] GC(0) Pause Young (Normal) (G1 Evacuation Pause) 51M->6M(1024M) 3.460ms
[2021-04-04T16:06:39.236+0530][gc,cpu       ] GC(0) User=0.02s Sys=0.01s Real=0.01s
[2021-04-04T16:06:39.559+0530][gc,start     ] GC(1) Pause Young (Concurrent Start) (Metadata GC Threshold)
[2021-04-04T16:06:39.559+0530][gc,task      ] GC(1) Using 8 workers of 8 for evacuation
[2021-04-04T16:06:39.563+0530][gc,phases    ] GC(1)   Pre Evacuate Collection Set: 0.2ms
[2021-04-04T16:06:39.563+0530][gc,phases    ] GC(1)   Merge Heap Roots: 0.0ms
[2021-04-04T16:06:39.563+0530][gc,phases    ] GC(1)   Evacuate Collection Set: 3.2ms
[2021-04-04T16:06:39.563+0530][gc,phases    ] GC(1)   Post Evacuate Collection Set: 0.3ms
[2021-04-04T16:06:39.563+0530][gc,phases    ] GC(1)   Other: 0.2ms
[2021-04-04T16:06:39.563+0530][gc,heap      ] GC(1) Eden regions: 28->0(49)
[2021-04-04T16:06:39.563+0530][gc,heap      ] GC(1) Survivor regions: 7->2(7)
[2021-04-04T16:06:39.563+0530][gc,heap      ] GC(1) Old regions: 0->7
[2021-04-04T16:06:39.563+0530][gc,heap      ] GC(1) Archive regions: 2->2
[2021-04-04T16:06:39.563+0530][gc,heap      ] GC(1) Humongous regions: 0->0
[2021-04-04T16:06:39.563+0530][gc,metaspace ] GC(1) Metaspace: 20606K(21248K)->20606K(21248K) NonClass: 18050K(18432K)->18050K(18432K) Class: 2556K(2816K)->2556K(2816K)
[2021-04-04T16:06:39.563+0530][gc           ] GC(1) Pause Young (Concurrent Start) (Metadata GC Threshold) 34M->8M(1024M) 3.911ms
[2021-04-04T16:06:39.563+0530][gc,cpu       ] GC(1) User=0.02s Sys=0.01s Real=0.00s
[2021-04-04T16:06:39.563+0530][gc           ] GC(2) Concurrent Cycle
[2021-04-04T16:06:39.563+0530][gc,marking   ] GC(2) Concurrent Clear Claimed Marks
[2021-04-04T16:06:39.563+0530][gc,marking   ] GC(2) Concurrent Clear Claimed Marks 0.036ms
[2021-04-04T16:06:39.563+0530][gc,marking   ] GC(2) Concurrent Scan Root Regions
[2021-04-04T16:06:39.565+0530][gc,marking   ] GC(2) Concurrent Scan Root Regions 2.008ms
[2021-04-04T16:06:39.565+0530][gc,marking   ] GC(2) Concurrent Mark (0.986s)
[2021-04-04T16:06:39.565+0530][gc,marking   ] GC(2) Concurrent Mark From Roots
[2021-04-04T16:06:39.565+0530][gc,task      ] GC(2) Using 2 workers of 2 for marking
[2021-04-04T16:06:39.566+0530][gc,marking   ] GC(2) Concurrent Mark From Roots 1.154ms
[2021-04-04T16:06:39.566+0530][gc,marking   ] GC(2) Concurrent Preclean
[2021-04-04T16:06:39.566+0530][gc,marking   ] GC(2) Concurrent Preclean 0.035ms
[2021-04-04T16:06:39.566+0530][gc,marking   ] GC(2) Concurrent Mark (0.986s, 0.987s) 1.215ms
[2021-04-04T16:06:39.566+0530][gc,start     ] GC(2) Pause Remark
[2021-04-04T16:06:39.567+0530][gc           ] GC(2) Pause Remark 8M->8M(1024M) 0.780ms
[2021-04-04T16:06:39.567+0530][gc,cpu       ] GC(2) User=0.00s Sys=0.00s Real=0.00s
[2021-04-04T16:06:39.567+0530][gc,marking   ] GC(2) Concurrent Rebuild Remembered Sets
[2021-04-04T16:06:39.569+0530][gc,marking   ] GC(2) Concurrent Rebuild Remembered Sets 2.303ms
[2021-04-04T16:06:39.570+0530][gc,start     ] GC(2) Pause Cleanup
[2021-04-04T16:06:39.570+0530][gc           ] GC(2) Pause Cleanup 8M->8M(1024M) 0.118ms
[2021-04-04T16:06:39.570+0530][gc,cpu       ] GC(2) User=0.00s Sys=0.00s Real=0.00s
[2021-04-04T16:06:39.570+0530][gc,marking   ] GC(2) Concurrent Cleanup for Next Mark
[2021-04-04T16:06:39.574+0530][gc,marking   ] GC(2) Concurrent Cleanup for Next Mark 3.876ms
[2021-04-04T16:06:39.574+0530][gc           ] GC(2) Concurrent Cycle 11.218ms
[2021-04-04T16:06:40.093+0530][gc,start     ] GC(3) Pause Young (Normal) (G1 Evacuation Pause)
[2021-04-04T16:06:40.093+0530][gc,task      ] GC(3) Using 8 workers of 8 for evacuation
[2021-04-04T16:06:40.096+0530][gc,phases    ] GC(3)   Pre Evacuate Collection Set: 0.1ms
[2021-04-04T16:06:40.096+0530][gc,phases    ] GC(3)   Merge Heap Roots: 0.1ms
[2021-04-04T16:06:40.096+0530][gc,phases    ] GC(3)   Evacuate Collection Set: 2.3ms
[2021-04-04T16:06:40.096+0530][gc,phases    ] GC(3)   Post Evacuate Collection Set: 0.4ms
[2021-04-04T16:06:40.096+0530][gc,phases    ] GC(3)   Other: 0.1ms
[2021-04-04T16:06:40.096+0530][gc,heap      ] GC(3) Eden regions: 49->0(46)
[2021-04-04T16:06:40.096+0530][gc,heap      ] GC(3) Survivor regions: 2->5(7)
[2021-04-04T16:06:40.096+0530][gc,heap      ] GC(3) Old regions: 7->7
[2021-04-04T16:06:40.096+0530][gc,heap      ] GC(3) Archive regions: 2->2
[2021-04-04T16:06:40.096+0530][gc,heap      ] GC(3) Humongous regions: 129->129
[2021-04-04T16:06:40.096+0530][gc,metaspace ] GC(3) Metaspace: 29389K(30464K)->29389K(30464K) NonClass: 25986K(26624K)->25986K(26624K) Class: 3403K(3840K)->3403K(3840K)
[2021-04-04T16:06:40.096+0530][gc           ] GC(3) Pause Young (Normal) (G1 Evacuation Pause) 186M->140M(1024M) 3.061ms
[2021-04-04T16:06:40.096+0530][gc,cpu       ] GC(3) User=0.02s Sys=0.00s Real=0.01s
[2021-04-04T16:07:09.607+0530][gc,start     ] GC(4) Pause Young (Concurrent Start) (Metadata GC Threshold)
[2021-04-04T16:07:09.607+0530][gc,task      ] GC(4) Using 8 workers of 8 for evacuation
[2021-04-04T16:07:09.623+0530][gc,phases    ] GC(4)   Pre Evacuate Collection Set: 0.6ms
[2021-04-04T16:07:09.624+0530][gc,phases    ] GC(4)   Merge Heap Roots: 0.2ms
[2021-04-04T16:07:09.624+0530][gc,phases    ] GC(4)   Evacuate Collection Set: 13.7ms
[2021-04-04T16:07:09.624+0530][gc,phases    ] GC(4)   Post Evacuate Collection Set: 1.3ms
[2021-04-04T16:07:09.624+0530][gc,phases    ] GC(4)   Other: 0.6ms
[2021-04-04T16:07:09.624+0530][gc,heap      ] GC(4) Eden regions: 25->0(49)
[2021-04-04T16:07:09.624+0530][gc,heap      ] GC(4) Survivor regions: 5->2(7)
[2021-04-04T16:07:09.624+0530][gc,heap      ] GC(4) Old regions: 7->11
[2021-04-04T16:07:09.624+0530][gc,heap      ] GC(4) Archive regions: 2->2
[2021-04-04T16:07:09.624+0530][gc,heap      ] GC(4) Humongous regions: 129->129
[2021-04-04T16:07:09.624+0530][gc,metaspace ] GC(4) Metaspace: 34618K(35840K)->34618K(35840K) NonClass: 30621K(31232K)->30621K(31232K) Class: 3997K(4608K)->3997K(4608K)
[2021-04-04T16:07:09.624+0530][gc           ] GC(4) Pause Young (Concurrent Start) (Metadata GC Threshold) 164M->142M(1024M) 16.642ms
[2021-04-04T16:07:09.624+0530][gc,cpu       ] GC(4) User=0.10s Sys=0.00s Real=0.01s
[2021-04-04T16:07:09.624+0530][gc           ] GC(5) Concurrent Cycle
[2021-04-04T16:07:09.624+0530][gc,marking   ] GC(5) Concurrent Clear Claimed Marks
[2021-04-04T16:07:09.624+0530][gc,marking   ] GC(5) Concurrent Clear Claimed Marks 0.222ms
[2021-04-04T16:07:09.624+0530][gc,marking   ] GC(5) Concurrent Scan Root Regions
[2021-04-04T16:07:09.633+0530][gc,marking   ] GC(5) Concurrent Scan Root Regions 9.042ms
[2021-04-04T16:07:09.633+0530][gc,marking   ] GC(5) Concurrent Mark (31.055s)
[2021-04-04T16:07:09.633+0530][gc,marking   ] GC(5) Concurrent Mark From Roots
[2021-04-04T16:07:09.633+0530][gc,task      ] GC(5) Using 2 workers of 2 for marking
[2021-04-04T16:07:09.644+0530][gc,marking   ] GC(5) Concurrent Mark From Roots 10.381ms
[2021-04-04T16:07:09.644+0530][gc,marking   ] GC(5) Concurrent Preclean
[2021-04-04T16:07:09.644+0530][gc,marking   ] GC(5) Concurrent Preclean 0.081ms
[2021-04-04T16:07:09.644+0530][gc,marking   ] GC(5) Concurrent Mark (31.055s, 31.065s) 10.526ms
[2021-04-04T16:07:09.644+0530][gc,start     ] GC(5) Pause Remark
[2021-04-04T16:07:09.646+0530][gc           ] GC(5) Pause Remark 143M->143M(1024M) 1.547ms
[2021-04-04T16:07:09.646+0530][gc,cpu       ] GC(5) User=0.01s Sys=0.00s Real=0.01s
[2021-04-04T16:07:09.646+0530][gc,marking   ] GC(5) Concurrent Rebuild Remembered Sets
[2021-04-04T16:07:09.653+0530][gc,marking   ] GC(5) Concurrent Rebuild Remembered Sets 6.981ms
[2021-04-04T16:07:09.653+0530][gc,start     ] GC(5) Pause Cleanup
[2021-04-04T16:07:09.653+0530][gc           ] GC(5) Pause Cleanup 143M->143M(1024M) 0.157ms
[2021-04-04T16:07:09.653+0530][gc,cpu       ] GC(5) User=0.00s Sys=0.00s Real=0.01s
[2021-04-04T16:07:09.653+0530][gc,marking   ] GC(5) Concurrent Cleanup for Next Mark
[2021-04-04T16:07:09.657+0530][gc,marking   ] GC(5) Concurrent Cleanup for Next Mark 3.442ms
[2021-04-04T16:07:09.657+0530][gc           ] GC(5) Concurrent Cycle 32.698ms
[2021-04-04T17:44:50.116+0530][gc,start     ] GC(6) Pause Young (Normal) (G1 Evacuation Pause)
[2021-04-04T17:44:50.117+0530][gc,task      ] GC(6) Using 8 workers of 8 for evacuation
[2021-04-04T17:44:50.120+0530][gc,phases    ] GC(6)   Pre Evacuate Collection Set: 0.2ms
[2021-04-04T17:44:50.120+0530][gc,phases    ] GC(6)   Merge Heap Roots: 0.1ms
[2021-04-04T17:44:50.120+0530][gc,phases    ] GC(6)   Evacuate Collection Set: 2.0ms
[2021-04-04T17:44:50.120+0530][gc,phases    ] GC(6)   Post Evacuate Collection Set: 0.6ms
[2021-04-04T17:44:50.120+0530][gc,phases    ] GC(6)   Other: 1.7ms
[2021-04-04T17:44:50.120+0530][gc,heap      ] GC(6) Eden regions: 49->0(49)
[2021-04-04T17:44:50.120+0530][gc,heap      ] GC(6) Survivor regions: 2->2(7)
[2021-04-04T17:44:50.121+0530][gc,heap      ] GC(6) Old regions: 11->11
[2021-04-04T17:44:50.121+0530][gc,heap      ] GC(6) Archive regions: 2->2
[2021-04-04T17:44:50.121+0530][gc,heap      ] GC(6) Humongous regions: 129->129
[2021-04-04T17:44:50.121+0530][gc,metaspace ] GC(6) Metaspace: 35377K(36608K)->35377K(36608K) NonClass: 31312K(32000K)->31312K(32000K) Class: 4064K(4608K)->4064K(4608K)
[2021-04-04T17:44:50.121+0530][gc           ] GC(6) Pause Young (Normal) (G1 Evacuation Pause) 191M->141M(1024M) 4.802ms
[2021-04-04T17:44:50.121+0530][gc,cpu       ] GC(6) User=0.01s Sys=0.01s Real=0.00s
[2021-04-04T19:23:56.630+0530][gc,start     ] GC(7) Pause Young (Normal) (G1 Evacuation Pause)
[2021-04-04T19:23:56.631+0530][gc,task      ] GC(7) Using 8 workers of 8 for evacuation
[2021-04-04T19:23:56.639+0530][gc,phases    ] GC(7)   Pre Evacuate Collection Set: 0.2ms
[2021-04-04T19:23:56.640+0530][gc,phases    ] GC(7)   Merge Heap Roots: 0.3ms
[2021-04-04T19:23:56.640+0530][gc,phases    ] GC(7)   Evacuate Collection Set: 3.0ms
[2021-04-04T19:23:56.640+0530][gc,phases    ] GC(7)   Post Evacuate Collection Set: 2.4ms
[2021-04-04T19:23:56.640+0530][gc,phases    ] GC(7)   Other: 5.2ms
[2021-04-04T19:23:56.640+0530][gc,heap      ] GC(7) Eden regions: 49->0(61)
[2021-04-04T19:23:56.640+0530][gc,heap      ] GC(7) Survivor regions: 2->2(7)
[2021-04-04T19:23:56.640+0530][gc,heap      ] GC(7) Old regions: 11->11
[2021-04-04T19:23:56.640+0530][gc,heap      ] GC(7) Archive regions: 2->2
[2021-04-04T19:23:56.640+0530][gc,heap      ] GC(7) Humongous regions: 129->129
[2021-04-04T19:23:56.640+0530][gc,metaspace ] GC(7) Metaspace: 35501K(36864K)->35501K(36864K) NonClass: 31436K(32256K)->31436K(32256K) Class: 4064K(4608K)->4064K(4608K)
[2021-04-04T19:23:56.640+0530][gc           ] GC(7) Pause Young (Normal) (G1 Evacuation Pause) 190M->141M(1024M) 10.445ms
[2021-04-04T19:23:56.640+0530][gc,cpu       ] GC(7) User=0.01s Sys=0.01s Real=0.01s
[2021-04-04T19:41:55.556+0530][gc,heap,exit ] Heap
[2021-04-04T19:41:55.557+0530][gc,heap,exit ]  garbage-first heap   total 1048576K, used 162664K [0x00000000c0000000, 0x0000000100000000)
[2021-04-04T19:41:55.557+0530][gc,heap,exit ]   region size 1024K, 21 young (21504K), 2 survivors (2048K)
[2021-04-04T19:41:55.557+0530][gc,heap,exit ]  Metaspace       used 36322K, capacity 37674K, committed 37888K, reserved 1083392K
[2021-04-04T19:41:55.557+0530][gc,heap,exit ]   class space    used 4236K, capacity 4834K, committed 4864K, reserved 1048576K
