[2021-04-04T20:03:08.877+0530][gc,heap] Heap region size: 1M
[2021-04-04T20:03:08.877+0530][gc,heap,coops] Heap address: 0x00000000c0000000, size: 1024 MB, Compressed Oops mode: 32-bit
[2021-04-04T20:03:08.886+0530][gc           ] Using G1
[2021-04-04T20:03:08.886+0530][gc,cds       ] Mark closed archive regions in map: [0x00000000fff00000, 0x00000000fff7eff8]
[2021-04-04T20:03:08.886+0530][gc,cds       ] Mark open archive regions in map: [0x00000000ffe00000, 0x00000000ffe51ff8]
[2021-04-04T20:03:08.900+0530][gc           ] Periodic GC disabled
[2021-04-04T20:03:10.249+0530][gc,start     ] GC(0) Pause Young (Normal) (G1 Evacuation Pause)
[2021-04-04T20:03:10.250+0530][gc,task      ] GC(0) Using 8 workers of 8 for evacuation
[2021-04-04T20:03:10.254+0530][gc,phases    ] GC(0)   Pre Evacuate Collection Set: 0.1ms
[2021-04-04T20:03:10.254+0530][gc,phases    ] GC(0)   Merge Heap Roots: 0.0ms
[2021-04-04T20:03:10.254+0530][gc,phases    ] GC(0)   Evacuate Collection Set: 3.6ms
[2021-04-04T20:03:10.254+0530][gc,phases    ] GC(0)   Post Evacuate Collection Set: 0.4ms
[2021-04-04T20:03:10.254+0530][gc,phases    ] GC(0)   Other: 1.0ms
[2021-04-04T20:03:10.254+0530][gc,heap      ] GC(0) Eden regions: 51->0(44)
[2021-04-04T20:03:10.255+0530][gc,heap      ] GC(0) Survivor regions: 0->7(7)
[2021-04-04T20:03:10.255+0530][gc,heap      ] GC(0) Old regions: 0->0
[2021-04-04T20:03:10.255+0530][gc,heap      ] GC(0) Archive regions: 2->2
[2021-04-04T20:03:10.255+0530][gc,heap      ] GC(0) Humongous regions: 0->0
[2021-04-04T20:03:10.255+0530][gc,metaspace ] GC(0) Metaspace: 14970K(15616K)->14970K(15616K) NonClass: 13091K(13568K)->13091K(13568K) Class: 1879K(2048K)->1879K(2048K)
[2021-04-04T20:03:10.255+0530][gc           ] GC(0) Pause Young (Normal) (G1 Evacuation Pause) 51M->7M(1024M) 5.185ms
[2021-04-04T20:03:10.255+0530][gc,cpu       ] GC(0) User=0.02s Sys=0.00s Real=0.01s
[2021-04-04T20:03:10.649+0530][gc,start     ] GC(1) Pause Young (Concurrent Start) (Metadata GC Threshold)
[2021-04-04T20:03:10.649+0530][gc,task      ] GC(1) Using 8 workers of 8 for evacuation
[2021-04-04T20:03:10.653+0530][gc,phases    ] GC(1)   Pre Evacuate Collection Set: 0.1ms
[2021-04-04T20:03:10.653+0530][gc,phases    ] GC(1)   Merge Heap Roots: 0.0ms
[2021-04-04T20:03:10.653+0530][gc,phases    ] GC(1)   Evacuate Collection Set: 3.1ms
[2021-04-04T20:03:10.653+0530][gc,phases    ] GC(1)   Post Evacuate Collection Set: 0.3ms
[2021-04-04T20:03:10.653+0530][gc,phases    ] GC(1)   Other: 0.2ms
[2021-04-04T20:03:10.653+0530][gc,heap      ] GC(1) Eden regions: 25->0(49)
[2021-04-04T20:03:10.653+0530][gc,heap      ] GC(1) Survivor regions: 7->2(7)
[2021-04-04T20:03:10.653+0530][gc,heap      ] GC(1) Old regions: 0->7
[2021-04-04T20:03:10.653+0530][gc,heap      ] GC(1) Archive regions: 2->2
[2021-04-04T20:03:10.653+0530][gc,heap      ] GC(1) Humongous regions: 0->0
[2021-04-04T20:03:10.653+0530][gc,metaspace ] GC(1) Metaspace: 20586K(21248K)->20586K(21248K) NonClass: 18030K(18432K)->18030K(18432K) Class: 2556K(2816K)->2556K(2816K)
[2021-04-04T20:03:10.653+0530][gc           ] GC(1) Pause Young (Concurrent Start) (Metadata GC Threshold) 31M->8M(1024M) 3.774ms
[2021-04-04T20:03:10.653+0530][gc,cpu       ] GC(1) User=0.02s Sys=0.01s Real=0.01s
[2021-04-04T20:03:10.653+0530][gc           ] GC(2) Concurrent Cycle
[2021-04-04T20:03:10.653+0530][gc,marking   ] GC(2) Concurrent Clear Claimed Marks
[2021-04-04T20:03:10.653+0530][gc,marking   ] GC(2) Concurrent Clear Claimed Marks 0.037ms
[2021-04-04T20:03:10.653+0530][gc,marking   ] GC(2) Concurrent Scan Root Regions
[2021-04-04T20:03:10.657+0530][gc,marking   ] GC(2) Concurrent Scan Root Regions 3.372ms
[2021-04-04T20:03:10.657+0530][gc,marking   ] GC(2) Concurrent Mark (1.784s)
[2021-04-04T20:03:10.657+0530][gc,marking   ] GC(2) Concurrent Mark From Roots
[2021-04-04T20:03:10.657+0530][gc,task      ] GC(2) Using 2 workers of 2 for marking
[2021-04-04T20:03:10.659+0530][gc,marking   ] GC(2) Concurrent Mark From Roots 2.041ms
[2021-04-04T20:03:10.659+0530][gc,marking   ] GC(2) Concurrent Preclean
[2021-04-04T20:03:10.659+0530][gc,marking   ] GC(2) Concurrent Preclean 0.239ms
[2021-04-04T20:03:10.659+0530][gc,marking   ] GC(2) Concurrent Mark (1.784s, 1.786s) 2.356ms
[2021-04-04T20:03:10.659+0530][gc,start     ] GC(2) Pause Remark
[2021-04-04T20:03:10.660+0530][gc           ] GC(2) Pause Remark 8M->8M(1024M) 0.780ms
[2021-04-04T20:03:10.660+0530][gc,cpu       ] GC(2) User=0.01s Sys=0.00s Real=0.00s
[2021-04-04T20:03:10.660+0530][gc,marking   ] GC(2) Concurrent Rebuild Remembered Sets
[2021-04-04T20:03:10.663+0530][gc,marking   ] GC(2) Concurrent Rebuild Remembered Sets 3.086ms
[2021-04-04T20:03:10.664+0530][gc,start     ] GC(2) Pause Cleanup
[2021-04-04T20:03:10.664+0530][gc           ] GC(2) Pause Cleanup 8M->8M(1024M) 0.130ms
[2021-04-04T20:03:10.664+0530][gc,cpu       ] GC(2) User=0.00s Sys=0.00s Real=0.00s
[2021-04-04T20:03:10.664+0530][gc,marking   ] GC(2) Concurrent Cleanup for Next Mark
[2021-04-04T20:03:10.668+0530][gc,marking   ] GC(2) Concurrent Cleanup for Next Mark 4.033ms
[2021-04-04T20:03:10.668+0530][gc           ] GC(2) Concurrent Cycle 14.750ms
[2021-04-04T20:03:11.303+0530][gc,start     ] GC(3) Pause Young (Normal) (G1 Evacuation Pause)
[2021-04-04T20:03:11.303+0530][gc,task      ] GC(3) Using 8 workers of 8 for evacuation
[2021-04-04T20:03:11.307+0530][gc,phases    ] GC(3)   Pre Evacuate Collection Set: 0.1ms
[2021-04-04T20:03:11.307+0530][gc,phases    ] GC(3)   Merge Heap Roots: 0.1ms
[2021-04-04T20:03:11.307+0530][gc,phases    ] GC(3)   Evacuate Collection Set: 3.2ms
[2021-04-04T20:03:11.307+0530][gc,phases    ] GC(3)   Post Evacuate Collection Set: 0.8ms
[2021-04-04T20:03:11.307+0530][gc,phases    ] GC(3)   Other: 0.1ms
[2021-04-04T20:03:11.307+0530][gc,heap      ] GC(3) Eden regions: 49->0(46)
[2021-04-04T20:03:11.307+0530][gc,heap      ] GC(3) Survivor regions: 2->5(7)
[2021-04-04T20:03:11.307+0530][gc,heap      ] GC(3) Old regions: 7->7
[2021-04-04T20:03:11.307+0530][gc,heap      ] GC(3) Archive regions: 2->2
[2021-04-04T20:03:11.307+0530][gc,heap      ] GC(3) Humongous regions: 129->129
[2021-04-04T20:03:11.307+0530][gc,metaspace ] GC(3) Metaspace: 29668K(30976K)->29668K(30976K) NonClass: 26263K(27136K)->26263K(27136K) Class: 3405K(3840K)->3405K(3840K)
[2021-04-04T20:03:11.308+0530][gc           ] GC(3) Pause Young (Normal) (G1 Evacuation Pause) 186M->140M(1024M) 4.385ms
[2021-04-04T20:03:11.308+0530][gc,cpu       ] GC(3) User=0.03s Sys=0.00s Real=0.01s
[2021-04-04T20:03:40.711+0530][gc,start     ] GC(4) Pause Young (Concurrent Start) (Metadata GC Threshold)
[2021-04-04T20:03:40.711+0530][gc,task      ] GC(4) Using 8 workers of 8 for evacuation
[2021-04-04T20:03:40.724+0530][gc,phases    ] GC(4)   Pre Evacuate Collection Set: 0.8ms
[2021-04-04T20:03:40.724+0530][gc,phases    ] GC(4)   Merge Heap Roots: 0.2ms
[2021-04-04T20:03:40.724+0530][gc,phases    ] GC(4)   Evacuate Collection Set: 10.4ms
[2021-04-04T20:03:40.724+0530][gc,phases    ] GC(4)   Post Evacuate Collection Set: 0.8ms
[2021-04-04T20:03:40.724+0530][gc,phases    ] GC(4)   Other: 0.5ms
[2021-04-04T20:03:40.724+0530][gc,heap      ] GC(4) Eden regions: 24->0(49)
[2021-04-04T20:03:40.724+0530][gc,heap      ] GC(4) Survivor regions: 5->2(7)
[2021-04-04T20:03:40.724+0530][gc,heap      ] GC(4) Old regions: 7->11
[2021-04-04T20:03:40.724+0530][gc,heap      ] GC(4) Archive regions: 2->2
[2021-04-04T20:03:40.724+0530][gc,heap      ] GC(4) Humongous regions: 129->129
[2021-04-04T20:03:40.724+0530][gc,metaspace ] GC(4) Metaspace: 34552K(35840K)->34552K(35840K) NonClass: 30557K(31232K)->30557K(31232K) Class: 3995K(4608K)->3995K(4608K)
[2021-04-04T20:03:40.724+0530][gc           ] GC(4) Pause Young (Concurrent Start) (Metadata GC Threshold) 164M->142M(1024M) 12.769ms
[2021-04-04T20:03:40.724+0530][gc,cpu       ] GC(4) User=0.08s Sys=0.00s Real=0.01s
[2021-04-04T20:03:40.724+0530][gc           ] GC(5) Concurrent Cycle
[2021-04-04T20:03:40.724+0530][gc,marking   ] GC(5) Concurrent Clear Claimed Marks
[2021-04-04T20:03:40.724+0530][gc,marking   ] GC(5) Concurrent Clear Claimed Marks 0.162ms
[2021-04-04T20:03:40.724+0530][gc,marking   ] GC(5) Concurrent Scan Root Regions
[2021-04-04T20:03:40.729+0530][gc,marking   ] GC(5) Concurrent Scan Root Regions 4.733ms
[2021-04-04T20:03:40.729+0530][gc,marking   ] GC(5) Concurrent Mark (31.856s)
[2021-04-04T20:03:40.729+0530][gc,marking   ] GC(5) Concurrent Mark From Roots
[2021-04-04T20:03:40.729+0530][gc,task      ] GC(5) Using 2 workers of 2 for marking
[2021-04-04T20:03:40.739+0530][gc,marking   ] GC(5) Concurrent Mark From Roots 9.845ms
[2021-04-04T20:03:40.739+0530][gc,marking   ] GC(5) Concurrent Preclean
[2021-04-04T20:03:40.739+0530][gc,marking   ] GC(5) Concurrent Preclean 0.123ms
[2021-04-04T20:03:40.739+0530][gc,marking   ] GC(5) Concurrent Mark (31.856s, 31.866s) 10.046ms
[2021-04-04T20:03:40.739+0530][gc,start     ] GC(5) Pause Remark
[2021-04-04T20:03:40.742+0530][gc           ] GC(5) Pause Remark 142M->142M(1024M) 2.683ms
[2021-04-04T20:03:40.742+0530][gc,cpu       ] GC(5) User=0.01s Sys=0.00s Real=0.00s
[2021-04-04T20:03:40.742+0530][gc,marking   ] GC(5) Concurrent Rebuild Remembered Sets
[2021-04-04T20:03:40.749+0530][gc,marking   ] GC(5) Concurrent Rebuild Remembered Sets 6.891ms
[2021-04-04T20:03:40.749+0530][gc,start     ] GC(5) Pause Cleanup
[2021-04-04T20:03:40.750+0530][gc           ] GC(5) Pause Cleanup 142M->142M(1024M) 0.206ms
[2021-04-04T20:03:40.750+0530][gc,cpu       ] GC(5) User=0.00s Sys=0.00s Real=0.00s
[2021-04-04T20:03:40.750+0530][gc,marking   ] GC(5) Concurrent Cleanup for Next Mark
[2021-04-04T20:03:40.754+0530][gc,marking   ] GC(5) Concurrent Cleanup for Next Mark 4.809ms
[2021-04-04T20:03:40.755+0530][gc           ] GC(5) Concurrent Cycle 30.538ms
[2021-04-04T20:03:56.679+0530][gc,heap,exit ] Heap
[2021-04-04T20:03:56.679+0530][gc,heap,exit ]  garbage-first heap   total 1048576K, used 156679K [0x00000000c0000000, 0x0000000100000000)
[2021-04-04T20:03:56.679+0530][gc,heap,exit ]   region size 1024K, 14 young (14336K), 2 survivors (2048K)
[2021-04-04T20:03:56.679+0530][gc,heap,exit ]  Metaspace       used 35631K, capacity 36957K, committed 37120K, reserved 1081344K
[2021-04-04T20:03:56.679+0530][gc,heap,exit ]   class space    used 4209K, capacity 4795K, committed 4864K, reserved 1048576K
