[2021-04-04T16:06:24.320+0530][gc,heap] Heap region size: 1M
[2021-04-04T16:06:24.320+0530][gc,heap,coops] Heap address: 0x00000000e0000000, size: 512 MB, Compressed Oops mode: 32-bit
[2021-04-04T16:06:24.324+0530][gc           ] Using G1
[2021-04-04T16:06:24.324+0530][gc,cds       ] Mark closed archive regions in map: [0x00000000fff00000, 0x00000000fff7eff8]
[2021-04-04T16:06:24.324+0530][gc,cds       ] Mark open archive regions in map: [0x00000000ffe00000, 0x00000000ffe51ff8]
[2021-04-04T16:06:24.330+0530][gc           ] Periodic GC disabled
[2021-04-04T16:06:25.925+0530][gc,start     ] GC(0) Pause Young (Normal) (G1 Evacuation Pause)
[2021-04-04T16:06:25.927+0530][gc,task      ] GC(0) Using 8 workers of 8 for evacuation
[2021-04-04T16:06:25.937+0530][gc,phases    ] GC(0)   Pre Evacuate Collection Set: 0.3ms
[2021-04-04T16:06:25.937+0530][gc,phases    ] GC(0)   Merge Heap Roots: 0.1ms
[2021-04-04T16:06:25.938+0530][gc,phases    ] GC(0)   Evacuate Collection Set: 8.4ms
[2021-04-04T16:06:25.938+0530][gc,phases    ] GC(0)   Post Evacuate Collection Set: 0.9ms
[2021-04-04T16:06:25.938+0530][gc,phases    ] GC(0)   Other: 2.3ms
[2021-04-04T16:06:25.938+0530][gc,heap      ] GC(0) Eden regions: 25->0(21)
[2021-04-04T16:06:25.938+0530][gc,heap      ] GC(0) Survivor regions: 0->4(4)
[2021-04-04T16:06:25.938+0530][gc,heap      ] GC(0) Old regions: 0->2
[2021-04-04T16:06:25.938+0530][gc,heap      ] GC(0) Archive regions: 2->2
[2021-04-04T16:06:25.938+0530][gc,heap      ] GC(0) Humongous regions: 0->0
[2021-04-04T16:06:25.938+0530][gc,metaspace ] GC(0) Metaspace: 7478K(7936K)->7478K(7936K) NonClass: 6626K(6912K)->6626K(6912K) Class: 851K(1024K)->851K(1024K)
[2021-04-04T16:06:25.938+0530][gc           ] GC(0) Pause Young (Normal) (G1 Evacuation Pause) 25M->6M(512M) 12.487ms
[2021-04-04T16:06:25.938+0530][gc,cpu       ] GC(0) User=0.07s Sys=0.01s Real=0.01s
[2021-04-04T19:41:59.822+0530][gc,heap,exit ] Heap
[2021-04-04T19:41:59.824+0530][gc,heap,exit ]  garbage-first heap   total 524288K, used 20558K [0x00000000e0000000, 0x0000000100000000)
[2021-04-04T19:41:59.824+0530][gc,heap,exit ]   region size 1024K, 19 young (19456K), 4 survivors (4096K)
[2021-04-04T19:41:59.824+0530][gc,heap,exit ]  Metaspace       used 8147K, capacity 8412K, committed 8704K, reserved 1056768K
[2021-04-04T19:41:59.824+0530][gc,heap,exit ]   class space    used 877K, capacity 976K, committed 1024K, reserved 1048576K
