[2021-04-04T20:03:08.869+0530][gc,heap] Heap region size: 1M
[2021-04-04T20:03:08.869+0530][gc,heap,coops] Heap address: 0x00000000e0000000, size: 512 MB, Compressed Oops mode: 32-bit
[2021-04-04T20:03:08.874+0530][gc           ] Using G1
[2021-04-04T20:03:08.874+0530][gc,cds       ] Mark closed archive regions in map: [0x00000000fff00000, 0x00000000fff7eff8]
[2021-04-04T20:03:08.874+0530][gc,cds       ] Mark open archive regions in map: [0x00000000ffe00000, 0x00000000ffe51ff8]
[2021-04-04T20:03:08.885+0530][gc           ] Periodic GC disabled
[2021-04-04T20:03:10.272+0530][gc,start     ] GC(0) Pause Young (Normal) (G1 Evacuation Pause)
[2021-04-04T20:03:10.272+0530][gc,task      ] GC(0) Using 8 workers of 8 for evacuation
[2021-04-04T20:03:10.276+0530][gc,phases    ] GC(0)   Pre Evacuate Collection Set: 0.1ms
[2021-04-04T20:03:10.276+0530][gc,phases    ] GC(0)   Merge Heap Roots: 0.0ms
[2021-04-04T20:03:10.276+0530][gc,phases    ] GC(0)   Evacuate Collection Set: 3.7ms
[2021-04-04T20:03:10.276+0530][gc,phases    ] GC(0)   Post Evacuate Collection Set: 0.4ms
[2021-04-04T20:03:10.276+0530][gc,phases    ] GC(0)   Other: 0.6ms
[2021-04-04T20:03:10.276+0530][gc,heap      ] GC(0) Eden regions: 25->0(21)
[2021-04-04T20:03:10.276+0530][gc,heap      ] GC(0) Survivor regions: 0->4(4)
[2021-04-04T20:03:10.276+0530][gc,heap      ] GC(0) Old regions: 0->2
[2021-04-04T20:03:10.277+0530][gc,heap      ] GC(0) Archive regions: 2->2
[2021-04-04T20:03:10.277+0530][gc,heap      ] GC(0) Humongous regions: 0->0
[2021-04-04T20:03:10.277+0530][gc,metaspace ] GC(0) Metaspace: 7478K(7936K)->7478K(7936K) NonClass: 6620K(6912K)->6620K(6912K) Class: 857K(1024K)->857K(1024K)
[2021-04-04T20:03:10.277+0530][gc           ] GC(0) Pause Young (Normal) (G1 Evacuation Pause) 25M->5M(512M) 4.923ms
[2021-04-04T20:03:10.277+0530][gc,cpu       ] GC(0) User=0.02s Sys=0.00s Real=0.01s
[2021-04-04T20:03:58.823+0530][gc,heap,exit ] Heap
[2021-04-04T20:03:58.823+0530][gc,heap,exit ]  garbage-first heap   total 524288K, used 10139K [0x00000000e0000000, 0x0000000100000000)
[2021-04-04T20:03:58.823+0530][gc,heap,exit ]   region size 1024K, 9 young (9216K), 4 survivors (4096K)
[2021-04-04T20:03:58.823+0530][gc,heap,exit ]  Metaspace       used 7746K, capacity 7963K, committed 8192K, reserved 1056768K
[2021-04-04T20:03:58.823+0530][gc,heap,exit ]   class space    used 875K, capacity 976K, committed 1024K, reserved 1048576K
