[2021-04-04T22:08:04.520+0530][gc,heap] Heap region size: 1M
[2021-04-04T22:08:04.520+0530][gc,heap,coops] Heap address: 0x00000000e0000000, size: 512 MB, Compressed Oops mode: 32-bit
[2021-04-04T22:08:04.523+0530][gc           ] Using G1
[2021-04-04T22:08:04.523+0530][gc,cds       ] Mark closed archive regions in map: [0x00000000fff00000, 0x00000000fff7eff8]
[2021-04-04T22:08:04.524+0530][gc,cds       ] Mark open archive regions in map: [0x00000000ffe00000, 0x00000000ffe51ff8]
[2021-04-04T22:08:04.530+0530][gc           ] Periodic GC disabled
[2021-04-04T22:08:10.241+0530][gc,start     ] GC(0) Pause Young (Normal) (G1 Evacuation Pause)
[2021-04-04T22:08:10.242+0530][gc,task      ] GC(0) Using 8 workers of 8 for evacuation
[2021-04-04T22:08:10.247+0530][gc,phases    ] GC(0)   Pre Evacuate Collection Set: 0.1ms
[2021-04-04T22:08:10.247+0530][gc,phases    ] GC(0)   Merge Heap Roots: 0.0ms
[2021-04-04T22:08:10.247+0530][gc,phases    ] GC(0)   Evacuate Collection Set: 4.8ms
[2021-04-04T22:08:10.247+0530][gc,phases    ] GC(0)   Post Evacuate Collection Set: 0.4ms
[2021-04-04T22:08:10.248+0530][gc,phases    ] GC(0)   Other: 0.8ms
[2021-04-04T22:08:10.248+0530][gc,heap      ] GC(0) Eden regions: 25->0(21)
[2021-04-04T22:08:10.248+0530][gc,heap      ] GC(0) Survivor regions: 0->4(4)
[2021-04-04T22:08:10.248+0530][gc,heap      ] GC(0) Old regions: 0->2
[2021-04-04T22:08:10.248+0530][gc,heap      ] GC(0) Archive regions: 2->2
[2021-04-04T22:08:10.248+0530][gc,heap      ] GC(0) Humongous regions: 0->0
[2021-04-04T22:08:10.248+0530][gc,metaspace ] GC(0) Metaspace: 7441K(7936K)->7441K(7936K) NonClass: 6585K(6912K)->6585K(6912K) Class: 855K(1024K)->855K(1024K)
[2021-04-04T22:08:10.248+0530][gc           ] GC(0) Pause Young (Normal) (G1 Evacuation Pause) 25M->5M(512M) 6.273ms
[2021-04-04T22:08:10.248+0530][gc,cpu       ] GC(0) User=0.01s Sys=0.01s Real=0.01s
[2021-04-04T22:12:57.010+0530][gc,heap,exit ] Heap
[2021-04-04T22:12:57.010+0530][gc,heap,exit ]  garbage-first heap   total 524288K, used 11245K [0x00000000e0000000, 0x0000000100000000)
[2021-04-04T22:12:57.010+0530][gc,heap,exit ]   region size 1024K, 10 young (10240K), 4 survivors (4096K)
[2021-04-04T22:12:57.010+0530][gc,heap,exit ]  Metaspace       used 7859K, capacity 8155K, committed 8448K, reserved 1056768K
[2021-04-04T22:12:57.010+0530][gc,heap,exit ]   class space    used 875K, capacity 976K, committed 1024K, reserved 1048576K
