[2021-04-04T19:57:30.975+0530][gc,heap] Heap region size: 1M
[2021-04-04T19:57:30.975+0530][gc,heap,coops] Heap address: 0x00000000e0000000, size: 512 MB, Compressed Oops mode: 32-bit
[2021-04-04T19:57:30.979+0530][gc           ] Using G1
[2021-04-04T19:57:30.979+0530][gc,cds       ] Mark closed archive regions in map: [0x00000000fff00000, 0x00000000fff7eff8]
[2021-04-04T19:57:30.979+0530][gc,cds       ] Mark open archive regions in map: [0x00000000ffe00000, 0x00000000ffe51ff8]
[2021-04-04T19:57:30.989+0530][gc           ] Periodic GC disabled
[2021-04-04T19:58:23.093+0530][gc,heap,exit ] Heap
[2021-04-04T19:58:23.093+0530][gc,heap,exit ]  garbage-first heap   total 524288K, used 25412K [0x00000000e0000000, 0x0000000100000000)
[2021-04-04T19:58:23.093+0530][gc,heap,exit ]   region size 1024K, 25 young (25600K), 0 survivors (0K)
[2021-04-04T19:58:23.093+0530][gc,heap,exit ]  Metaspace       used 7274K, capacity 7545K, committed 7680K, reserved 1056768K
[2021-04-04T19:58:23.093+0530][gc,heap,exit ]   class space    used 835K, capacity 943K, committed 1024K, reserved 1048576K
